Component: ARM Compiler 5.06 update 5 (build 528) Tool: armlink [4d35e2]

==============================================================================

Section Cross References

    stm32f10x_it.o(i.HardFault_Handler) refers to printf8.o(i.__0printf$8) for __2printf
    stm32f10x_it.o(i.SysTick_Handler) refers to tasks.o(i.xTaskGetSchedulerState) for xTaskGetSchedulerState
    stm32f10x_it.o(i.SysTick_Handler) refers to port.o(i.xPortSysTickHandler) for xPortSysTickHandler
    stm32f10x_it.o(i.TIM3_IRQHandler) refers to stm32f10x_tim.o(i.TIM_GetITStatus) for TIM_GetITStatus
    stm32f10x_it.o(i.TIM3_IRQHandler) refers to mqtt.o(i.MQTT_PingREQ) for MQTT_PingREQ
    stm32f10x_it.o(i.TIM3_IRQHandler) refers to timer3.o(i.TIM3_ENABLE_2S) for TIM3_ENABLE_2S
    stm32f10x_it.o(i.TIM3_IRQHandler) refers to event_groups.o(i.xEventGroupClearBitsFromISR) for xEventGroupClearBitsFromISR
    stm32f10x_it.o(i.TIM3_IRQHandler) refers to tasks.o(i.xTaskResumeFromISR) for xTaskResumeFromISR
    stm32f10x_it.o(i.TIM3_IRQHandler) refers to stm32f10x_tim.o(i.TIM_Cmd) for TIM_Cmd
    stm32f10x_it.o(i.TIM3_IRQHandler) refers to stm32f10x_tim.o(i.TIM_ClearITPendingBit) for TIM_ClearITPendingBit
    stm32f10x_it.o(i.TIM3_IRQHandler) refers to mqtt.o(.data) for pingFlag
    stm32f10x_it.o(i.TIM3_IRQHandler) refers to main.o(.constdata) for PING_MODE
    stm32f10x_it.o(i.TIM3_IRQHandler) refers to main.o(.data) for Event_Handle
    stm32f10x_it.o(i.TIM4_IRQHandler) refers to stm32f10x_tim.o(i.TIM_GetITStatus) for TIM_GetITStatus
    stm32f10x_it.o(i.TIM4_IRQHandler) refers to memcpya.o(.text) for __aeabi_memcpy
    stm32f10x_it.o(i.TIM4_IRQHandler) refers to stm32f10x_tim.o(i.TIM_SetCounter) for TIM_SetCounter
    stm32f10x_it.o(i.TIM4_IRQHandler) refers to stm32f10x_tim.o(i.TIM_Cmd) for TIM_Cmd
    stm32f10x_it.o(i.TIM4_IRQHandler) refers to stm32f10x_tim.o(i.TIM_ClearITPendingBit) for TIM_ClearITPendingBit
    stm32f10x_it.o(i.TIM4_IRQHandler) refers to uart4.o(.data) for Usart4_RxCounter
    stm32f10x_it.o(i.TIM4_IRQHandler) refers to uart4.o(.bss) for Usart4_RxBuff
    stm32f10x_it.o(i.TIM4_IRQHandler) refers to mqtt.o(.data) for MQTT_RxDataInPtr
    stm32f10x_it.o(i.TIM4_IRQHandler) refers to mqtt.o(.bss) for MQTT_RxDataBuf
    main.o(i.auto_doordown) refers to delay.o(i.delay_ms) for delay_ms
    main.o(i.auto_doordown) refers to thermostat.o(i.Send_Thermostat) for Send_Thermostat
    main.o(i.auto_doordown) refers to stm32f10x_gpio.o(i.GPIO_ReadInputDataBit) for GPIO_ReadInputDataBit
    main.o(i.auto_doordown) refers to thermostat.o(.data) for PVTem
    main.o(i.heating) refers to ffltui.o(.text) for __aeabi_ui2f
    main.o(i.heating) refers to fadd.o(.text) for __aeabi_fsub
    main.o(i.heating) refers to fdiv.o(.text) for __aeabi_fdiv
    main.o(i.heating) refers to thermostat.o(i.Send_Thermostat) for Send_Thermostat
    main.o(i.heating) refers to delay.o(i.delay_ms) for delay_ms
    main.o(i.heating) refers to fmul.o(.text) for __aeabi_fmul
    main.o(i.heating) refers to ffixui.o(.text) for __aeabi_f2uiz
    main.o(i.heating) refers to tasks.o(i.xTaskGetTickCount) for xTaskGetTickCount
    main.o(i.heating) refers to printf8.o(i.__0printf$8) for __2printf
    main.o(i.heating) refers to fflti.o(.text) for __aeabi_i2f
    main.o(i.heating) refers to tasks.o(i.vTaskDelayUntil) for vTaskDelayUntil
    main.o(i.heating) refers to ffixi.o(.text) for __aeabi_f2iz
    main.o(i.heating) refers to cfcmple.o(.text) for __aeabi_cfcmple
    main.o(i.heating) refers to cfrcmple.o(.text) for __aeabi_cfrcmple
    main.o(i.heating) refers to main.o(.data) for runingtime
    main.o(i.heating) refers to thermostat.o(.data) for PVTem
    main.o(i.main) refers to misc.o(i.NVIC_PriorityGroupConfig) for NVIC_PriorityGroupConfig
    main.o(i.main) refers to delay.o(i.delay_init) for delay_init
    main.o(i.main) refers to usart1.o(i.usart1_init) for usart1_init
    main.o(i.main) refers to usart2.o(i.usart2_init) for usart2_init
    main.o(i.main) refers to usart3.o(i.usart3_init) for usart3_init
    main.o(i.main) refers to uart4.o(i.usart4_init) for usart4_init
    main.o(i.main) refers to timer4.o(i.tim4_init) for tim4_init
    main.o(i.main) refers to switch.o(i.Switch_Init) for Switch_Init
    main.o(i.main) refers to aht20.o(i.Init_I2C_Sensor_Port) for Init_I2C_Sensor_Port
    main.o(i.main) refers to delay.o(i.delay_ms) for delay_ms
    main.o(i.main) refers to aht20.o(i.AHT20_Read_Status) for AHT20_Read_Status
    main.o(i.main) refers to aht20.o(i.AHT20_Start_Init) for AHT20_Start_Init
    main.o(i.main) refers to aht20.o(i.Delay_1ms) for Delay_1ms
    main.o(i.main) refers to tasks.o(i.xTaskCreate) for xTaskCreate
    main.o(i.main) refers to tasks.o(i.vTaskStartScheduler) for vTaskStartScheduler
    main.o(i.main) refers to main.o(.data) for StartTask_Handler
    main.o(i.main) refers to main.o(i.my_start_task) for my_start_task
    main.o(i.my_getVI_task) refers to delay.o(i.delay_ms) for delay_ms
[...]
    i.delay_init                             0x0800246c   Section        0  delay.o(i.delay_init)
    i.delay_ms                               0x080024c4   Section        0  delay.o(i.delay_ms)
    i.delay_us                               0x08002504   Section        0  delay.o(i.delay_us)
    i.downdoor                               0x0800254c   Section        0  door.o(i.downdoor)
    i.fputc                                  0x08002674   Section        0  usart1.o(i.fputc)
    i.getCT                                  0x08002690   Section        0  aht20.o(i.getCT)
    i.getVI                                  0x08002728   Section        0  usart2.o(i.getVI)
    i.heating                                0x0800278c   Section        0  main.o(i.heating)
    i.main                                   0x08002b5c   Section        0  main.o(i.main)
    i.my_door_task                           0x08002c0c   Section        0  door.o(i.my_door_task)
    i.my_getVI_task                          0x08002cd4   Section        0  main.o(i.my_getVI_task)
    i.my_instruct_task                       0x08002cf8   Section        0  main.o(i.my_instruct_task)
    i.my_runcode_task                        0x080030d4   Section        0  main.o(i.my_runcode_task)
    i.my_showhmi_task                        0x08003b0c   Section        0  main.o(i.my_showhmi_task)
    i.my_start_task                          0x08003b44   Section        0  main.o(i.my_start_task)
    i.prvAddCurrentTaskToDelayedList         0x08003c60   Section        0  tasks.o(i.prvAddCurrentTaskToDelayedList)
    prvAddCurrentTaskToDelayedList           0x08003c61   Thumb Code   124  tasks.o(i.prvAddCurrentTaskToDelayedList)
    i.prvAddNewTaskToReadyList               0x08003cf8   Section        0  tasks.o(i.prvAddNewTaskToReadyList)
    prvAddNewTaskToReadyList                 0x08003cf9   Thumb Code   156  tasks.o(i.prvAddNewTaskToReadyList)
    i.prvCheckForValidListAndQueue           0x08003db0   Section        0  timers.o(i.prvCheckForValidListAndQueue)
    prvCheckForValidListAndQueue             0x08003db1   Thumb Code    72  timers.o(i.prvCheckForValidListAndQueue)
    i.prvCheckTasksWaitingTermination        0x08003e14   Section        0  tasks.o(i.prvCheckTasksWaitingTermination)
    prvCheckTasksWaitingTermination          0x08003e15   Thumb Code    86  tasks.o(i.prvCheckTasksWaitingTermination)
    i.prvCopyDataFromQueue                   0x08003e78   Section        0  queue.o(i.prvCopyDataFromQueue)
    prvCopyDataFromQueue                     0x08003e79   Thumb Code    42  queue.o(i.prvCopyDataFromQueue)
    i.prvCopyDataToQueue                     0x08003ea2   Section        0  queue.o(i.prvCopyDataToQueue)
    prvCopyDataToQueue                       0x08003ea3   Thumb Code   124  queue.o(i.prvCopyDataToQueue)
    i.prvDeleteTCB                           0x08003f1e   Section        0  tasks.o(i.prvDeleteTCB)
    prvDeleteTCB                             0x08003f1f   Thumb Code    18  tasks.o(i.prvDeleteTCB)
    i.prvGetNextExpireTime                   0x08003f30   Section        0  timers.o(i.prvGetNextExpireTime)
    prvGetNextExpireTime                     0x08003f31   Thumb Code    36  timers.o(i.prvGetNextExpireTime)
    i.prvHeapInit                            0x08003f58   Section        0  heap_4.o(i.prvHeapInit)
    prvHeapInit                              0x08003f59   Thumb Code    98  heap_4.o(i.prvHeapInit)
    i.prvIdleTask                            0x08003fd4   Section        0  tasks.o(i.prvIdleTask)
    prvIdleTask                              0x08003fd5   Thumb Code    32  tasks.o(i.prvIdleTask)
    i.prvInitialiseNewQueue                  0x08003ffc   Section        0  queue.o(i.prvInitialiseNewQueue)
    prvInitialiseNewQueue                    0x08003ffd   Thumb Code    46  queue.o(i.prvInitialiseNewQueue)
    i.prvInitialiseNewTask                   0x0800402c   Section        0  tasks.o(i.prvInitialiseNewTask)
    prvInitialiseNewTask                     0x0800402d   Thumb Code   170  tasks.o(i.prvInitialiseNewTask)
    i.prvInitialiseTaskLists                 0x080040fc   Section        0  tasks.o(i.prvInitialiseTaskLists)
    prvInitialiseTaskLists                   0x080040fd   Thumb Code    70  tasks.o(i.prvInitialiseTaskLists)
    i.prvInsertBlockIntoFreeList             0x08004164   Section        0  heap_4.o(i.prvInsertBlockIntoFreeList)
    prvInsertBlockIntoFreeList               0x08004165   Thumb Code    96  heap_4.o(i.prvInsertBlockIntoFreeList)
    i.prvInsertTimerInActiveList             0x080041cc   Section        0  timers.o(i.prvInsertTimerInActiveList)
    prvInsertTimerInActiveList               0x080041cd   Thumb Code    80  timers.o(i.prvInsertTimerInActiveList)
    i.prvIsQueueEmpty                        0x08004224   Section        0  queue.o(i.prvIsQueueEmpty)
    prvIsQueueEmpty                          0x08004225   Thumb Code    26  queue.o(i.prvIsQueueEmpty)
    i.prvIsQueueFull                         0x0800423e   Section        0  queue.o(i.prvIsQueueFull)
    prvIsQueueFull                           0x0800423f   Thumb Code    30  queue.o(i.prvIsQueueFull)
    i.prvNotifyQueueSetContainer             0x0800425c   Section        0  queue.o(i.prvNotifyQueueSetContainer)
    prvNotifyQueueSetContainer               0x0800425d   Thumb Code   124  queue.o(i.prvNotifyQueueSetContainer)
    i.prvProcessExpiredTimer                 0x080042fc   Section        0  timers.o(i.prvProcessExpiredTimer)
    prvProcessExpiredTimer                   0x080042fd   Thumb Code    84  timers.o(i.prvProcessExpiredTimer)
    i.prvProcessReceivedCommands             0x0800437c   Section        0  timers.o(i.prvProcessReceivedCommands)
    prvProcessReceivedCommands               0x0800437d   Thumb Code   254  timers.o(i.prvProcessReceivedCommands)
    i.prvProcessTimerOrBlockTask             0x080044a8   Section        0  timers.o(i.prvProcessTimerOrBlockTask)
    prvProcessTimerOrBlockTask               0x080044a9   Thumb Code   102  timers.o(i.prvProcessTimerOrBlockTask)
    i.prvResetNextTaskUnblockTime            0x0800451c   Section        0  tasks.o(i.prvResetNextTaskUnblockTime)
    prvResetNextTaskUnblockTime              0x0800451d   Thumb Code    42  tasks.o(i.prvResetNextTaskUnblockTime)
    i.prvSampleTimeNow                       0x08004550   Section        0  timers.o(i.prvSampleTimeNow)
    prvSampleTimeNow                         0x08004551   Thumb Code    40  timers.o(i.prvSampleTimeNow)
    i.prvSwitchTimerLists                    0x0800457c   Section        0  timers.o(i.prvSwitchTimerLists)
    prvSwitchTimerLists                      0x0800457d   Thumb Code   140  timers.o(i.prvSwitchTimerLists)
    i.prvTaskExitError                       0x08004638   Section        0  port.o(i.prvTaskExitError)
    prvTaskExitError                         0x08004639   Thumb Code    48  port.o(i.prvTaskExitError)
    i.prvTaskIsTaskSuspended                 0x080046a8   Section        0  tasks.o(i.prvTaskIsTaskSuspended)
    prvTaskIsTaskSuspended                   0x080046a9   Thumb Code    72  tasks.o(i.prvTaskIsTaskSuspended)
    i.prvTimerTask                           0x0800471c   Section        0  timers.o(i.prvTimerTask)
    prvTimerTask                             0x0800471d   Thumb Code    26  timers.o(i.prvTimerTask)
    i.prvUnlockQueue                         0x08004736   Section        0  queue.o(i.prvUnlockQueue)
    prvUnlockQueue                           0x08004737   Thumb Code   146  queue.o(i.prvUnlockQueue)
    i.pvPortMalloc                           0x080047c8   Section        0  heap_4.o(i.pvPortMalloc)
    i.pvTaskIncrementMutexHeldCount          0x0800491c   Section        0  tasks.o(i.pvTaskIncrementMutexHeldCount)
    i.pxPortInitialiseStack                  0x0800493c   Section        0  port.o(i.pxPortInitialiseStack)
    i.rehoting                               0x08004960   Section        0  main.o(i.rehoting)
    i.stopdoor                               0x080049d4   Section        0  door.o(i.stopdoor)
    i.tim4_init                              0x080049ec   Section        0  timer4.o(i.tim4_init)
    i.updoor                                 0x08004a54   Section        0  door.o(i.updoor)
    i.usart1_init                            0x08004b50   Section        0  usart1.o(i.usart1_init)
    i.usart2_init                            0x08004c00   Section        0  usart2.o(i.usart2_init)
    i.usart3_init                            0x08004cb4   Section        0  usart3.o(i.usart3_init)
    i.usart4_init                            0x08004d64   Section        0  uart4.o(i.usart4_init)
    i.uxListRemove                           0x08004e1c   Section        0  list.o(i.uxListRemove)
    i.vEventGroupClearBitsCallback           0x08004e44   Section        0  event_groups.o(i.vEventGroupClearBitsCallback)
    i.vListInitialise                        0x08004e54   Section        0  list.o(i.vListInitialise)
    i.vListInitialiseItem                    0x08004e6e   Section        0  list.o(i.vListInitialiseItem)
    i.vListInsert                            0x08004e74   Section        0  list.o(i.vListInsert)
    i.vListInsertEnd                         0x08004ea8   Section        0  list.o(i.vListInsertEnd)
    i.vPortEnterCritical                     0x08004ec0   Section        0  port.o(i.vPortEnterCritical)
    i.vPortExitCritical                      0x08004f48   Section        0  port.o(i.vPortExitCritical)
    i.vPortFree                              0x08004fb8   Section        0  heap_4.o(i.vPortFree)
    i.vPortSetupTimerInterrupt               0x08005070   Section        0  port.o(i.vPortSetupTimerInterrupt)
    i.vPortValidateInterruptPriority         0x08005090   Section        0  port.o(i.vPortValidateInterruptPriority)
    i.vQueueAddToRegistry                    0x08005130   Section        0  queue.o(i.vQueueAddToRegistry)
    i.vQueueWaitForMessageRestricted         0x0800515c   Section        0  queue.o(i.vQueueWaitForMessageRestricted)
    i.vTaskDelay                             0x080051a8   Section        0  tasks.o(i.vTaskDelay)
    i.vTaskDelayUntil                        0x0800521c   Section        0  tasks.o(i.vTaskDelayUntil)
    i.vTaskDelete                            0x080052f8   Section        0  tasks.o(i.vTaskDelete)
    i.vTaskMissedYield                       0x08005404   Section        0  tasks.o(i.vTaskMissedYield)
    i.vTaskPlaceOnEventList                  0x08005410   Section        0  tasks.o(i.vTaskPlaceOnEventList)
    i.vTaskPlaceOnEventListRestricted        0x08005464   Section        0  tasks.o(i.vTaskPlaceOnEventListRestricted)
    i.vTaskPriorityInherit                   0x080054c0   Section        0  tasks.o(i.vTaskPriorityInherit)
    i.vTaskResume                            0x08005570   Section        0  tasks.o(i.vTaskResume)
    i.vTaskSetTimeOutState                   0x0800561c   Section        0  tasks.o(i.vTaskSetTimeOutState)
    i.vTaskStartScheduler                    0x08005668   Section        0  tasks.o(i.vTaskStartScheduler)
    i.vTaskSuspend                           0x08005714   Section        0  tasks.o(i.vTaskSuspend)
    i.vTaskSuspendAll                        0x08005814   Section        0  tasks.o(i.vTaskSuspendAll)
    i.vTaskSwitchContext                     0x08005824   Section        0  tasks.o(i.vTaskSwitchContext)
    i.xEventGroupClearBits                   0x080058cc   Section        0  event_groups.o(i.xEventGroupClearBits)
    i.xEventGroupClearBitsFromISR            0x08005940   Section        0  event_groups.o(i.xEventGroupClearBitsFromISR)
    i.xEventGroupCreate                      0x0800595c   Section        0  event_groups.o(i.xEventGroupCreate)
    i.xEventGroupGetBitsFromISR              0x08005976   Section        0  event_groups.o(i.xEventGroupGetBitsFromISR)
    i.xPortStartScheduler                    0x080059a4   Section        0  port.o(i.xPortStartScheduler)
    i.xPortSysTickHandler                    0x08005a44   Section        0  port.o(i.xPortSysTickHandler)
    i.xQueueGenericCreate                    0x08005a78   Section        0  queue.o(i.xQueueGenericCreate)
    i.xQueueGenericReceive                   0x08005aec   Section        0  queue.o(i.xQueueGenericReceive)
    i.xQueueGenericReset                     0x08005cb4   Section        0  queue.o(i.xQueueGenericReset)
    i.xQueueGenericSend                      0x08005d64   Section        0  queue.o(i.xQueueGenericSend)
    i.xQueueGenericSendFromISR               0x08005f28   Section        0  queue.o(i.xQueueGenericSendFromISR)
    i.xTaskCheckForTimeOut                   0x08006038   Section        0  tasks.o(i.xTaskCheckForTimeOut)
    i.xTaskCreate                            0x080060d8   Section        0  tasks.o(i.xTaskCreate)
    i.xTaskGetSchedulerState                 0x08006138   Section        0  tasks.o(i.xTaskGetSchedulerState)
    i.xTaskGetTickCount                      0x08006158   Section        0  tasks.o(i.xTaskGetTickCount)
    i.xTaskIncrementTick                     0x08006164   Section        0  tasks.o(i.xTaskIncrementTick)
    i.xTaskPriorityDisinherit                0x080062c4   Section        0  tasks.o(i.xTaskPriorityDisinherit)
    i.xTaskRemoveFromEventList               0x0800639c   Section        0  tasks.o(i.xTaskRemoveFromEventList)
    i.xTaskResumeAll                         0x08006450   Section        0  tasks.o(i.xTaskResumeAll)
    i.xTaskResumeFromISR                     0x08006570   Section        0  tasks.o(i.xTaskResumeFromISR)
    i.xTimerCreateTimerTask                  0x0800663c   Section        0  timers.o(i.xTimerCreateTimerTask)
    i.xTimerGenericCommand                   0x080066b0   Section        0  timers.o(i.xTimerGenericCommand)
    i.xTimerPendFunctionCallFromISR          0x08006754   Section        0  timers.o(i.xTimerPendFunctionCallFromISR)
    .constdata                               0x08006788   Section      108  main.o(.constdata)
    .conststring                             0x080067f4   Section       54  main.o(.conststring)
    .data                                    0x20000000   Section      104  main.o(.data)
    .data                                    0x20000068   Section        4  delay.o(.data)
    fac_us                                   0x20000068   Data           1  delay.o(.data)
    how_ms_per_rate                          0x2000006a   Data           2  delay.o(.data)
    .data                                    0x2000006c   Section        8  usart1.o(.data)
    .data                                    0x20000074   Section       36  usart2.o(.data)
    .data                                    0x20000098   Section        4  usart3.o(.data)
    .data                                    0x2000009c   Section        4  uart4.o(.data)
    .data                                    0x200000a0   Section       65  mqtt.o(.data)
    .data                                    0x200000e4   Section       16  aht20.o(.data)
    .data                                    0x200000f4   Section       32  thermostat.o(.data)
    .data                                    0x20000114   Section       20  system_stm32f10x.o(.data)
    .data                                    0x20000128   Section       20  stm32f10x_rcc.o(.data)
    APBAHBPrescTable                         0x20000128   Data          16  stm32f10x_rcc.o(.data)
    ADCPrescTable                            0x20000138   Data           4  stm32f10x_rcc.o(.data)
    .data                                    0x2000013c   Section       60  tasks.o(.data)
    pxDelayedTaskList                        0x20000140   Data           4  tasks.o(.data)
    pxOverflowDelayedTaskList                0x20000144   Data           4  tasks.o(.data)
    uxDeletedTasksWaitingCleanUp             0x20000148   Data           4  tasks.o(.data)
    uxCurrentNumberOfTasks                   0x2000014c   Data           4  tasks.o(.data)
    xTickCount                               0x20000150   Data           4  tasks.o(.data)
    uxTopReadyPriority                       0x20000154   Data           4  tasks.o(.data)
    xSchedulerRunning                        0x20000158   Data           4  tasks.o(.data)
    uxPendedTicks                            0x2000015c   Data           4  tasks.o(.data)
    xYieldPending                            0x20000160   Data           4  tasks.o(.data)
    xNumOfOverflows                          0x20000164   Data           4  tasks.o(.data)
    uxTaskNumber                             0x20000168   Data           4  tasks.o(.data)
    xNextTaskUnblockTime                     0x2000016c   Data           4  tasks.o(.data)
    xIdleTaskHandle                          0x20000170   Data           4  tasks.o(.data)
    uxSchedulerSuspended                     0x20000174   Data           4  tasks.o(.data)
    .data                                    0x20000178   Section       20  timers.o(.data)
    pxCurrentTimerList                       0x20000178   Data           4  timers.o(.data)
    pxOverflowTimerList                      0x2000017c   Data           4  timers.o(.data)
    xTimerQueue                              0x20000180   Data           4  timers.o(.data)
    xTimerTaskHandle                         0x20000184   Data           4  timers.o(.data)
    xLastTime                                0x20000188   Data           4  timers.o(.data)
    .data                                    0x2000018c   Section       24  heap_4.o(.data)
    xStart                                   0x2000018c   Data           8  heap_4.o(.data)
    pxEnd                                    0x20000194   Data           4  heap_4.o(.data)
    xFreeBytesRemaining                      0x20000198   Data           4  heap_4.o(.data)
    xMinimumEverFreeBytesRemaining           0x2000019c   Data           4  heap_4.o(.data)
    xBlockAllocatedBit                       0x200001a0   Data           4  heap_4.o(.data)
    .data                                    0x200001a4   Section       12  port.o(.data)
    uxCriticalNesting                        0x200001a4   Data           4  port.o(.data)
    ucMaxSysCallPriority                     0x200001a8   Data           1  port.o(.data)
    ulMaxPRIGROUPValue                       0x200001ac   Data           4  port.o(.data)
    .bss                                     0x200001b0   Section       30  usart2.o(.bss)
    .bss                                     0x200001d0   Section       74  usart3.o(.bss)
    .bss                                     0x20000220   Section     1004  uart4.o(.bss)
    .bss                                     0x2000060c   Section     5312  mqtt.o(.bss)
    .bss                                     0x20001acc   Section       64  queue.o(.bss)
    .bss                                     0x20001b0c   Section      740  tasks.o(.bss)
    pxReadyTasksLists                        0x20001b0c   Data         640  tasks.o(.bss)
    xDelayedTaskList1                        0x20001d8c   Data          20  tasks.o(.bss)
    xDelayedTaskList2                        0x20001da0   Data          20  tasks.o(.bss)
    xPendingReadyList                        0x20001db4   Data          20  tasks.o(.bss)
    xTasksWaitingTermination                 0x20001dc8   Data          20  tasks.o(.bss)
    xSuspendedTaskList                       0x20001ddc   Data          20  tasks.o(.bss)
    .bss                                     0x20001df0   Section       40  timers.o(.bss)
    xActiveTimerList1                        0x20001df0   Data          20  timers.o(.bss)
    xActiveTimerList2                        0x20001e04   Data          20  timers.o(.bss)
    .bss                                     0x20001e18   Section    20480  heap_4.o(.bss)
    ucHeap                                   0x20001e18   Data       20480  heap_4.o(.bss)
    STACK                                    0x20006e18   Section     1024  startup_stm32f10x_hd.o(STACK)

    Global Symbols

    Symbol Name                              Value     Ov Type        Size  Object(Section)

    BuildAttributes$$THM_ISAv4$P$D$K$B$S$PE$A:L22UL41UL21$X:L11$S22US41US21$IEEE1$IW$USESV6$~STKCKD$USESV7$~SHL$OTIME$ROPI$EBA8$MICROLIB$REQ8$PRES8$EABIv2 0x00000000   Number         0  anon$$obj.o ABSOLUTE
    __ARM_use_no_argv                        0x00000000   Number         0  main.o ABSOLUTE
    __use_no_errno                           0x00000000   Number         0  useno.o ABSOLUTE
    __use_no_exception_handling              0x00000000   Number         0  useno.o ABSOLUTE
    __use_no_fp                              0x00000000   Number         0  useno.o ABSOLUTE
    __use_no_heap                            0x00000000   Number         0  useno.o ABSOLUTE
    __use_no_heap_region                     0x00000000   Number         0  useno.o ABSOLUTE
    __use_no_semihosting                     0x00000000   Number         0  useno.o ABSOLUTE
    __use_no_semihosting_swi                 0x00000000   Number         0  useno.o ABSOLUTE
    __use_no_signal_handling                 0x00000000   Number         0  useno.o ABSOLUTE
    _printf_a                                0x00000000   Number         0  stubs.o ABSOLUTE
    _printf_c                                0x00000000   Number         0  stubs.o ABSOLUTE
    _printf_charcount                        0x00000000   Number         0  stubs.o ABSOLUTE
    _printf_d                                0x00000000   Number         0  stubs.o ABSOLUTE
    _printf_e                                0x00000000   Number         0  stubs.o ABSOLUTE
    _printf_f                                0x00000000   Number         0  stubs.o ABSOLUTE
    _printf_flags                            0x00000000   Number         0  stubs.o ABSOLUTE
    _printf_fp_dec                           0x00000000   Number         0  stubs.o ABSOLUTE
    _printf_fp_hex                           0x00000000   Number         0  stubs.o ABSOLUTE
    _printf_g                                0x00000000   Number         0  stubs.o ABSOLUTE
    _printf_i                                0x00000000   Number         0  stubs.o ABSOLUTE
    _printf_int_dec                          0x00000000   Number         0  stubs.o ABSOLUTE
    _printf_l                                0x00000000   Number         0  stubs.o ABSOLUTE
    _printf_lc                               0x00000000   Number         0  stubs.o ABSOLUTE
    _printf_ll                               0x00000000   Number         0  stubs.o ABSOLUTE
    _printf_lld                              0x00000000   Number         0  stubs.o ABSOLUTE
    _printf_lli                              0x00000000   Number         0  stubs.o ABSOLUTE
    _printf_llo                              0x00000000   Number         0  stubs.o ABSOLUTE
    _printf_llu                              0x00000000   Number         0  stubs.o ABSOLUTE
    _printf_llx                              0x00000000   Number         0  stubs.o ABSOLUTE
    _printf_longlong_dec                     0x00000000   Number         0  stubs.o ABSOLUTE
    _printf_longlong_hex                     0x00000000   Number         0  stubs.o ABSOLUTE
    _printf_longlong_oct                     0x00000000   Number         0  stubs.o ABSOLUTE
    _printf_ls                               0x00000000   Number         0  stubs.o ABSOLUTE
    _printf_mbtowc                           0x00000000   Number         0  stubs.o ABSOLUTE
    _printf_n                                0x00000000   Number         0  stubs.o ABSOLUTE
    _printf_o                                0x00000000   Number         0  stubs.o ABSOLUTE
    _printf_p                                0x00000000   Number         0  stubs.o ABSOLUTE
    _printf_percent                          0x00000000   Number         0  stubs.o ABSOLUTE
    _printf_pre_padding                      0x00000000   Number         0  stubs.o ABSOLUTE
    _printf_return_value                     0x00000000   Number         0  stubs.o ABSOLUTE
    _printf_s                                0x00000000   Number         0  stubs.o ABSOLUTE
    _printf_sizespec                         0x00000000   Number         0  stubs.o ABSOLUTE
    _printf_str                              0x00000000   Number         0  stubs.o ABSOLUTE
    _printf_truncate_signed                  0x00000000   Number         0  stubs.o ABSOLUTE
    _printf_truncate_unsigned                0x00000000   Number         0  stubs.o ABSOLUTE
    _printf_u                                0x00000000   Number         0  stubs.o ABSOLUTE
    _printf_wc                               0x00000000   Number         0  stubs.o ABSOLUTE
    _printf_wctomb                           0x00000000   Number         0  stubs.o ABSOLUTE
    _printf_widthprec                        0x00000000   Number         0  stubs.o ABSOLUTE
    _printf_x                                0x00000000   Number         0  stubs.o ABSOLUTE
    __cpp_initialize__aeabi_                  - Undefined Weak Reference
    __cxa_finalize                            - Undefined Weak Reference
    _clock_init                               - Undefined Weak Reference
    _microlib_exit                            - Undefined Weak Reference
    __Vectors_Size                           0x00000130   Number         0  startup_stm32f10x_hd.o ABSOLUTE
    __Vectors                                0x08000000   Data           4  startup_stm32f10x_hd.o(RESET)
    __Vectors_End                            0x08000130   Data           0  startup_stm32f10x_hd.o(RESET)
    __main                                   0x08000131   Thumb Code     0  entry.o(.ARM.Collect$$$$00000000)
    _main_stk                                0x08000131   Thumb Code     0  entry2.o(.ARM.Collect$$$$00000001)
    _main_scatterload                        0x08000135   Thumb Code     0  entry5.o(.ARM.Collect$$$$00000004)
    __main_after_scatterload                 0x08000139   Thumb Code     0  entry5.o(.ARM.Collect$$$$00000004)
    _main_clock                              0x08000139   Thumb Code     0  entry7b.o(.ARM.Collect$$$$00000008)
    _main_cpp_init                           0x08000139   Thumb Code     0  entry8b.o(.ARM.Collect$$$$0000000A)
    _main_init                               0x08000139   Thumb Code     0  entry9a.o(.ARM.Collect$$$$0000000B)
    __rt_final_cpp                           0x08000141   Thumb Code     0  entry10a.o(.ARM.Collect$$$$0000000D)
    __rt_final_exit                          0x08000141   Thumb Code     0  entry11a.o(.ARM.Collect$$$$0000000F)
    SVC_Handler                              0x08000145   Thumb Code    32  port.o(.emb_text)
    __asm___6_port_c_39a90d8d__prvStartFirstTask 0x08000169   Thumb Code    28  port.o(.emb_text)
    PendSV_Handler                           0x08000189   Thumb Code    72  port.o(.emb_text)
    vPortGetIPSR                             0x080001d5   Thumb Code     6  port.o(.emb_text)
    Reset_Handler                            0x080001dd   Thumb Code     8  startup_stm32f10x_hd.o(.text)
    ADC1_2_IRQHandler                        0x080001f7   Thumb Code     0  startup_stm32f10x_hd.o(.text)
    ADC3_IRQHandler                          0x080001f7   Thumb Code     0  startup_stm32f10x_hd.o(.text)
    CAN1_RX1_IRQHandler                      0x080001f7   Thumb Code     0  startup_stm32f10x_hd.o(.text)
    CAN1_SCE_IRQHandler                      0x080001f7   Thumb Code     0  startup_stm32f10x_hd.o(.text)
    DMA1_Channel1_IRQHandler                 0x080001f7   Thumb Code     0  startup_stm32f10x_hd.o(.text)
    DMA1_Channel2_IRQHandler                 0x080001f7   Thumb Code     0  startup_stm32f10x_hd.o(.text)
    DMA1_Channel3_IRQHandler                 0x080001f7   Thumb Code     0  startup_stm32f10x_hd.o(.text)
    DMA1_Channel4_IRQHandler                 0x080001f7   Thumb Code     0  startup_stm32f10x_hd.o(.text)
    DMA1_Channel5_IRQHandler                 0x080001f7   Thumb Code     0  startup_stm32f10x_hd.o(.text)
    DMA1_Channel6_IRQHandler                 0x080001f7   Thumb Code     0  startup_stm32f10x_hd.o(.text)
    DMA1_Channel7_IRQHandler                 0x080001f7   Thumb Code     0  startup_stm32f10x_hd.o(.text)
    DMA2_Channel1_IRQHandler                 0x080001f7   Thumb Code     0  startup_stm32f10x_hd.o(.text)
    DMA2_Channel2_IRQHandler                 0x080001f7   Thumb Code     0  startup_stm32f10x_hd.o(.text)
    DMA2_Channel3_IRQHandler                 0x080001f7   Thumb Code     0  startup_stm32f10x_hd.o(.text)
    DMA2_Channel4_5_IRQHandler               0x080001f7   Thumb Code     0  startup_stm32f10x_hd.o(.text)
    EXTI0_IRQHandler                         0x080001f7   Thumb Code     0  startup_stm32f10x_hd.o(.text)
    EXTI15_10_IRQHandler                     0x080001f7   Thumb Code     0  startup_stm32f10x_hd.o(.text)
    EXTI1_IRQHandler                         0x080001f7   Thumb Code     0  startup_stm32f10x_hd.o(.text)
    EXTI2_IRQHandler                         0x080001f7   Thumb Code     0  startup_stm32f10x_hd.o(.text)
    EXTI3_IRQHandler                         0x080001f7   Thumb Code     0  startup_stm32f10x_hd.o(.text)
    EXTI4_IRQHandler                         0x080001f7   Thumb Code     0  startup_stm32f10x_hd.o(.text)
    EXTI9_5_IRQHandler                       0x080001f7   Thumb Code     0  startup_stm32f10x_hd.o(.text)
    FLASH_IRQHandler                         0x080001f7   Thumb Code     0  startup_stm32f10x_hd.o(.text)
    FSMC_IRQHandler                          0x080001f7   Thumb Code     0  startup_stm32f10x_hd.o(.text)
    I2C1_ER_IRQHandler                       0x080001f7   Thumb Code     0  startup_stm32f10x_hd.o(.text)
    I2C1_EV_IRQHandler                       0x080001f7   Thumb Code     0  startup_stm32f10x_hd.o(.text)
    I2C2_ER_IRQHandler                       0x080001f7   Thumb Code     0  startup_stm32f10x_hd.o(.text)
    I2C2_EV_IRQHandler                       0x080001f7   Thumb Code     0  startup_stm32f10x_hd.o(.text)
    PVD_IRQHandler                           0x080001f7   Thumb Code     0  startup_stm32f10x_hd.o(.text)
    RCC_IRQHandler                           0x080001f7   Thumb Code     0  startup_stm32f10x_hd.o(.text)
    RTCAlarm_IRQHandler                      0x080001f7   Thumb Code     0  startup_stm32f10x_hd.o(.text)
    RTC_IRQHandler                           0x080001f7   Thumb Code     0  startup_stm32f10x_hd.o(.text)
    SDIO_IRQHandler                          0x080001f7   Thumb Code     0  startup_stm32f10x_hd.o(.text)
    SPI1_IRQHandler                          0x080001f7   Thumb Code     0  startup_stm32f10x_hd.o(.text)
    SPI2_IRQHandler                          0x080001f7   Thumb Code     0  startup_stm32f10x_hd.o(.text)
    SPI3_IRQHandler                          0x080001f7   Thumb Code     0  startup_stm32f10x_hd.o(.text)
    TAMPER_IRQHandler                        0x080001f7   Thumb Code     0  startup_stm32f10x_hd.o(.text)
    TIM1_BRK_IRQHandler                      0x080001f7   Thumb Code     0  startup_stm32f10x_hd.o(.text)
    TIM1_CC_IRQHandler                       0x080001f7   Thumb Code     0  startup_stm32f10x_hd.o(.text)
    TIM1_TRG_COM_IRQHandler                  0x080001f7   Thumb Code     0  startup_stm32f10x_hd.o(.text)
    TIM1_UP_IRQHandler                       0x080001f7   Thumb Code     0  startup_stm32f10x_hd.o(.text)
    TIM2_IRQHandler                          0x080001f7   Thumb Code     0  startup_stm32f10x_hd.o(.text)
    TIM5_IRQHandler                          0x080001f7   Thumb Code     0  startup_stm32f10x_hd.o(.text)
    TIM6_IRQHandler                          0x080001f7   Thumb Code     0  startup_stm32f10x_hd.o(.text)
    TIM7_IRQHandler                          0x080001f7   Thumb Code     0  startup_stm32f10x_hd.o(.text)
    TIM8_BRK_IRQHandler                      0x080001f7   Thumb Code     0  startup_stm32f10x_hd.o(.text)
    TIM8_CC_IRQHandler                       0x080001f7   Thumb Code     0  startup_stm32f10x_hd.o(.text)
    TIM8_TRG_COM_IRQHandler                  0x080001f7   Thumb Code     0  startup_stm32f10x_hd.o(.text)
    TIM8_UP_IRQHandler                       0x080001f7   Thumb Code     0  startup_stm32f10x_hd.o(.text)
    UART5_IRQHandler                         0x080001f7   Thumb Code     0  startup_stm32f10x_hd.o(.text)
    USBWakeUp_IRQHandler                     0x080001f7   Thumb Code     0  startup_stm32f10x_hd.o(.text)
    USB_HP_CAN1_TX_IRQHandler                0x080001f7   Thumb Code     0  startup_stm32f10x_hd.o(.text)
    USB_LP_CAN1_RX0_IRQHandler               0x080001f7   Thumb Code     0  startup_stm32f10x_hd.o(.text)
    WWDG_IRQHandler                          0x080001f7   Thumb Code     0  startup_stm32f10x_hd.o(.text)
    __aeabi_memcpy                           0x08000201   Thumb Code    36  memcpya.o(.text)
    __aeabi_memcpy4                          0x08000201   Thumb Code     0  memcpya.o(.text)
    __aeabi_memcpy8                          0x08000201   Thumb Code     0  memcpya.o(.text)
    __aeabi_memset                           0x08000225   Thumb Code    14  memseta.o(.text)
    __aeabi_memset4                          0x08000225   Thumb Code     0  memseta.o(.text)
    __aeabi_memset8                          0x08000225   Thumb Code     0  memseta.o(.text)
    __aeabi_memclr                           0x08000233   Thumb Code     4  memseta.o(.text)
    __aeabi_memclr4                          0x08000233   Thumb Code     0  memseta.o(.text)
    __aeabi_memclr8                          0x08000233   Thumb Code     0  memseta.o(.text)
    _memset$wrapper                          0x08000237   Thumb Code    18  memseta.o(.text)
    __aeabi_fadd                             0x08000249   Thumb Code   164  fadd.o(.text)
    __aeabi_fsub                             0x080002ed   Thumb Code     6  fadd.o(.text)
    __aeabi_frsub                            0x080002f3   Thumb Code     6  fadd.o(.text)
    __aeabi_fmul                             0x080002f9   Thumb Code   100  fmul.o(.text)
    __aeabi_fdiv                             0x0800035d   Thumb Code   124  fdiv.o(.text)
    __aeabi_i2f                              0x080003d9   Thumb Code    18  fflti.o(.text)
    __aeabi_ui2f                             0x080003eb   Thumb Code    10  ffltui.o(.text)
    __aeabi_f2iz                             0x080003f5   Thumb Code    50  ffixi.o(.text)
    __aeabi_f2uiz                            0x08000427   Thumb Code    40  ffixui.o(.text)
    __aeabi_cfcmpeq                          0x08000451   Thumb Code     0  cfcmple.o(.text)
    __aeabi_cfcmple                          0x08000451   Thumb Code    20  cfcmple.o(.text)
    __aeabi_cfrcmple                         0x08000465   Thumb Code    20  cfrcmple.o(.text)
    __aeabi_uldivmod                         0x08000479   Thumb Code    98  uldiv.o(.text)
    __I$use$fp                               0x080004db   Thumb Code     0  iusefp.o(.text)
    _float_round                             0x080004db   Thumb Code    18  fepilogue.o(.text)
    _float_epilogue                          0x080004ed   Thumb Code    92  fepilogue.o(.text)
    __scatterload                            0x08000549   Thumb Code    28  init.o(.text)
    __scatterload_rt2                        0x08000549   Thumb Code     0  init.o(.text)
    __aeabi_llsl                             0x0800056d   Thumb Code    30  llshl.o(.text)
    _ll_shift_l                              0x0800056d   Thumb Code     0  llshl.o(.text)
    __aeabi_llsr                             0x0800058b   Thumb Code    32  llushr.o(.text)
    _ll_ushift_r                             0x0800058b   Thumb Code     0  llushr.o(.text)
    __decompress                             0x080005ab   Thumb Code     0  __dczerorl2.o(.text)
    __decompress1                            0x080005ab   Thumb Code    86  __dczerorl2.o(.text)
    AHT20_Clock_Init                         0x08000601   Thumb Code    12  aht20.o(i.AHT20_Clock_Init)
    AHT20_RD_Byte                            0x0800060d   Thumb Code    80  aht20.o(i.AHT20_RD_Byte)
    AHT20_Read_CTdata                        0x08000661   Thumb Code   210  aht20.o(i.AHT20_Read_CTdata)
    AHT20_Read_Status                        0x08000733   Thumb Code    34  aht20.o(i.AHT20_Read_Status)
    AHT20_SendAC                             0x08000755   Thumb Code    52  aht20.o(i.AHT20_SendAC)
    AHT20_Start_Init                         0x08000789   Thumb Code    22  aht20.o(i.AHT20_Start_Init)
    AHT20_WR_Byte                            0x0800079f   Thumb Code    82  aht20.o(i.AHT20_WR_Byte)
    BusFault_Handler                         0x080007f1   Thumb Code     2  stm32f10x_it.o(i.BusFault_Handler)
    DebugMon_Handler                         0x080007f3   Thumb Code     2  stm32f10x_it.o(i.DebugMon_Handler)
    Delay_1ms                                0x080007f5   Thumb Code    24  aht20.o(i.Delay_1ms)
    Delay_4us                                0x0800080d   Thumb Code    28  aht20.o(i.Delay_4us)
    Delay_5us                                0x08000829   Thumb Code    34  aht20.o(i.Delay_5us)
    Delay_N10us                              0x0800084b   Thumb Code    24  aht20.o(i.Delay_N10us)
    GPIO_Init                                0x08000863   Thumb Code   278  stm32f10x_gpio.o(i.GPIO_Init)
    GPIO_ReadInputDataBit                    0x08000979   Thumb Code    18  stm32f10x_gpio.o(i.GPIO_ReadInputDataBit)
    GPIO_ResetBits                           0x0800098b   Thumb Code     4  stm32f10x_gpio.o(i.GPIO_ResetBits)
    GPIO_SetBits                             0x0800098f   Thumb Code     4  stm32f10x_gpio.o(i.GPIO_SetBits)
    HardFault_Handler                        0x08000995   Thumb Code    10  stm32f10x_it.o(i.HardFault_Handler)
    I2C_Start                                0x080009bd   Thumb Code    44  aht20.o(i.I2C_Start)
    Init_I2C_Sensor_Port                     0x080009e9   Thumb Code    76  aht20.o(i.Init_I2C_Sensor_Port)
    JH_Reset_REG                             0x08000a39   Thumb Code   162  aht20.o(i.JH_Reset_REG)
    MQTT_PingREQ                             0x08000add   Thumb Code    22  mqtt.o(i.MQTT_PingREQ)
    MemManage_Handler                        0x08000af9   Thumb Code     2  stm32f10x_it.o(i.MemManage_Handler)
    NMI_Handler                              0x08000afb   Thumb Code     2  stm32f10x_it.o(i.NMI_Handler)
    NVIC_Init                                0x08000afd   Thumb Code   100  misc.o(i.NVIC_Init)
    NVIC_PriorityGroupConfig                 0x08000b6d   Thumb Code    10  misc.o(i.NVIC_PriorityGroupConfig)
    RCC_APB1PeriphClockCmd                   0x08000b81   Thumb Code    26  stm32f10x_rcc.o(i.RCC_APB1PeriphClockCmd)
    RCC_APB1PeriphResetCmd                   0x08000ba1   Thumb Code    26  stm32f10x_rcc.o(i.RCC_APB1PeriphResetCmd)
    RCC_APB2PeriphClockCmd                   0x08000bc1   Thumb Code    26  stm32f10x_rcc.o(i.RCC_APB2PeriphClockCmd)
    RCC_APB2PeriphResetCmd                   0x08000be1   Thumb Code    26  stm32f10x_rcc.o(i.RCC_APB2PeriphResetCmd)
    RCC_GetClocksFreq                        0x08000c01   Thumb Code   192  stm32f10x_rcc.o(i.RCC_GetClocksFreq)
    Receive_ACK                              0x08000cd5   Thumb Code    70  aht20.o(i.Receive_ACK)
    SCL_Pin_Output_High                      0x08000d21   Thumb Code    12  aht20.o(i.SCL_Pin_Output_High)
    SCL_Pin_Output_Low                       0x08000d31   Thumb Code    12  aht20.o(i.SCL_Pin_Output_Low)
    SDA_Pin_IN_FLOATING                      0x08000d41   Thumb Code    30  aht20.o(i.SDA_Pin_IN_FLOATING)
    SDA_Pin_Output_High                      0x08000d65   Thumb Code    38  aht20.o(i.SDA_Pin_Output_High)
    SDA_Pin_Output_Low                       0x08000d91   Thumb Code    38  aht20.o(i.SDA_Pin_Output_Low)
    Send_ACK                                 0x08000dbd   Thumb Code    54  aht20.o(i.Send_ACK)
    Send_NOT_ACK                             0x08000df3   Thumb Code    54  aht20.o(i.Send_NOT_ACK)
    Send_Thermostat                          0x08000e29   Thumb Code   416  thermostat.o(i.Send_Thermostat)
    SensorDelay_us                           0x0800108d   Thumb Code    22  aht20.o(i.SensorDelay_us)
    Serial_SendArray                         0x080010a3   Thumb Code    32  thermostat.o(i.Serial_SendArray)
    Serial_SendByte                          0x080010c5   Thumb Code    48  thermostat.o(i.Serial_SendByte)
    Stop_I2C                                 0x080011e5   Thumb Code    34  aht20.o(i.Stop_I2C)
    Switch_Init                              0x08001209   Thumb Code   462  switch.o(i.Switch_Init)
    SysTick_CLKSourceConfig                  0x080013e5   Thumb Code    40  misc.o(i.SysTick_CLKSourceConfig)
    SysTick_Handler                          0x0800140d   Thumb Code    16  stm32f10x_it.o(i.SysTick_Handler)
    SystemInit                               0x0800141d   Thumb Code    78  system_stm32f10x.o(i.SystemInit)
    TIM3_ENABLE_2S                           0x0800147d   Thumb Code   108  timer3.o(i.TIM3_ENABLE_2S)
    TIM3_IRQHandler                          0x080014ed   Thumb Code   108  stm32f10x_it.o(i.TIM3_IRQHandler)
    TIM4_IRQHandler                          0x0800156d   Thumb Code   122  stm32f10x_it.o(i.TIM4_IRQHandler)
    TIM_ClearITPendingBit                    0x08001605   Thumb Code     6  stm32f10x_tim.o(i.TIM_ClearITPendingBit)
    TIM_Cmd                                  0x0800160b   Thumb Code    24  stm32f10x_tim.o(i.TIM_Cmd)
    TIM_DeInit                               0x08001625   Thumb Code   424  stm32f10x_tim.o(i.TIM_DeInit)
    TIM_GetITStatus                          0x0800180d   Thumb Code    34  stm32f10x_tim.o(i.TIM_GetITStatus)
    TIM_ITConfig                             0x0800182f   Thumb Code    18  stm32f10x_tim.o(i.TIM_ITConfig)
    TIM_SetCounter                           0x08001841   Thumb Code     4  stm32f10x_tim.o(i.TIM_SetCounter)
    TIM_TimeBaseInit                         0x08001845   Thumb Code   122  stm32f10x_tim.o(i.TIM_TimeBaseInit)
    Thermostat_init                          0x080018e9   Thumb Code    42  thermostat.o(i.Thermostat_init)
    TxDataBuf_Deal                           0x0800192d   Thumb Code    86  mqtt.o(i.TxDataBuf_Deal)
    UART4_IRQHandler                         0x08001991   Thumb Code   112  uart4.o(i.UART4_IRQHandler)
    USART1_IRQHandler                        0x08001a15   Thumb Code   100  usart1.o(i.USART1_IRQHandler)
    USART2_IRQHandler                        0x08001a95   Thumb Code   566  usart2.o(i.USART2_IRQHandler)
    USART3_IRQHandler                        0x08001d01   Thumb Code    76  usart3.o(i.USART3_IRQHandler)
    USART_ClearFlag                          0x08001d5d   Thumb Code    18  stm32f10x_usart.o(i.USART_ClearFlag)
    USART_Cmd                                0x08001d6f   Thumb Code    24  stm32f10x_usart.o(i.USART_Cmd)
    USART_DeInit                             0x08001d89   Thumb Code   134  stm32f10x_usart.o(i.USART_DeInit)
    USART_GetFlagStatus                      0x08001e25   Thumb Code    26  stm32f10x_usart.o(i.USART_GetFlagStatus)
    USART_GetITStatus                        0x08001e3f   Thumb Code    84  stm32f10x_usart.o(i.USART_GetITStatus)
    USART_ITConfig                           0x08001e93   Thumb Code    74  stm32f10x_usart.o(i.USART_ITConfig)
    USART_Init                               0x08001edd   Thumb Code   210  stm32f10x_usart.o(i.USART_Init)
    USART_ReceiveData                        0x08001fb5   Thumb Code    10  stm32f10x_usart.o(i.USART_ReceiveData)
    USART_SendData                           0x08001fbf   Thumb Code     8  stm32f10x_usart.o(i.USART_SendData)
    UsageFault_Handler                       0x08001fc7   Thumb Code     2  stm32f10x_it.o(i.UsageFault_Handler)
    __0printf$8                              0x08001fc9   Thumb Code    22  printf8.o(i.__0printf$8)
    __1printf$8                              0x08001fc9   Thumb Code     0  printf8.o(i.__0printf$8)
    __2printf                                0x08001fc9   Thumb Code     0  printf8.o(i.__0printf$8)
    __scatterload_copy                       0x08001fe9   Thumb Code    14  handlers.o(i.__scatterload_copy)
    __scatterload_null                       0x08001ff7   Thumb Code     2  handlers.o(i.__scatterload_null)
    __scatterload_zeroinit                   0x08001ff9   Thumb Code    14  handlers.o(i.__scatterload_zeroinit)
    delay_init                               0x0800246d   Thumb Code    70  delay.o(i.delay_init)
    delay_ms                                 0x080024c5   Thumb Code    60  delay.o(i.delay_ms)
    delay_us                                 0x08002505   Thumb Code    68  delay.o(i.delay_us)
    downdoor                                 0x0800254d   Thumb Code   164  door.o(i.downdoor)
    fputc                                    0x08002675   Thumb Code    24  usart1.o(i.fputc)
    getCT                                    0x08002691   Thumb Code    90  aht20.o(i.getCT)
    getVI                                    0x08002729   Thumb Code    40  usart2.o(i.getVI)
    heating                                  0x0800278d   Thumb Code   608  main.o(i.heating)
    main                                     0x08002b5d   Thumb Code   144  main.o(i.main)
    my_door_task                             0x08002c0d   Thumb Code   130  door.o(i.my_door_task)
    my_getVI_task                            0x08002cd5   Thumb Code    36  main.o(i.my_getVI_task)
    my_instruct_task                         0x08002cf9   Thumb Code   700  main.o(i.my_instruct_task)
    my_runcode_task                          0x080030d5   Thumb Code  2282  main.o(i.my_runcode_task)
    my_showhmi_task                          0x08003b0d   Thumb Code    50  main.o(i.my_showhmi_task)
    my_start_task                            0x08003b45   Thumb Code   158  main.o(i.my_start_task)
    pvPortMalloc                             0x080047c9   Thumb Code   262  heap_4.o(i.pvPortMalloc)
    pvTaskIncrementMutexHeldCount            0x0800491d   Thumb Code    26  tasks.o(i.pvTaskIncrementMutexHeldCount)
    pxPortInitialiseStack                    0x0800493d   Thumb Code    30  port.o(i.pxPortInitialiseStack)
    rehoting                                 0x08004961   Thumb Code   108  main.o(i.rehoting)
    stopdoor                                 0x080049d5   Thumb Code    16  door.o(i.stopdoor)
    tim4_init                                0x080049ed   Thumb Code    98  timer4.o(i.tim4_init)
    updoor                                   0x08004a55   Thumb Code   144  door.o(i.updoor)
    usart1_init                              0x08004b51   Thumb Code   168  usart1.o(i.usart1_init)
    usart2_init                              0x08004c01   Thumb Code   170  usart2.o(i.usart2_init)
    usart3_init                              0x08004cb5   Thumb Code   168  usart3.o(i.usart3_init)
    usart4_init                              0x08004d65   Thumb Code   174  uart4.o(i.usart4_init)
    uxListRemove                             0x08004e1d   Thumb Code    40  list.o(i.uxListRemove)
    vEventGroupClearBitsCallback             0x08004e45   Thumb Code    16  event_groups.o(i.vEventGroupClearBitsCallback)
    vListInitialise                          0x08004e55   Thumb Code    26  list.o(i.vListInitialise)
    vListInitialiseItem                      0x08004e6f   Thumb Code     6  list.o(i.vListInitialiseItem)
    vListInsert                              0x08004e75   Thumb Code    52  list.o(i.vListInsert)
    vListInsertEnd                           0x08004ea9   Thumb Code    24  list.o(i.vListInsertEnd)
    vPortEnterCritical                       0x08004ec1   Thumb Code    68  port.o(i.vPortEnterCritical)
    vPortExitCritical                        0x08004f49   Thumb Code    48  port.o(i.vPortExitCritical)
    vPortFree                                0x08004fb9   Thumb Code   120  heap_4.o(i.vPortFree)
    vPortSetupTimerInterrupt                 0x08005071   Thumb Code    26  port.o(i.vPortSetupTimerInterrupt)
    vPortValidateInterruptPriority           0x08005091   Thumb Code    86  port.o(i.vPortValidateInterruptPriority)
    vQueueAddToRegistry                      0x08005131   Thumb Code    38  queue.o(i.vQueueAddToRegistry)
    vQueueWaitForMessageRestricted           0x0800515d   Thumb Code    74  queue.o(i.vQueueWaitForMessageRestricted)
    vTaskDelay                               0x080051a9   Thumb Code    72  tasks.o(i.vTaskDelay)
    vTaskDelayUntil                          0x0800521d   Thumb Code   170  tasks.o(i.vTaskDelayUntil)
    vTaskDelete                              0x080052f9   Thumb Code   192  tasks.o(i.vTaskDelete)
    vTaskMissedYield                         0x08005405   Thumb Code     8  tasks.o(i.vTaskMissedYield)
    vTaskPlaceOnEventList                    0x08005411   Thumb Code    42  tasks.o(i.vTaskPlaceOnEventList)
    vTaskPlaceOnEventListRestricted          0x08005465   Thumb Code    50  tasks.o(i.vTaskPlaceOnEventListRestricted)
    vTaskPriorityInherit                     0x080054c1   Thumb Code   164  tasks.o(i.vTaskPriorityInherit)
    vTaskResume                              0x08005571   Thumb Code   118  tasks.o(i.vTaskResume)
    vTaskSetTimeOutState                     0x0800561d   Thumb Code    32  tasks.o(i.vTaskSetTimeOutState)
    vTaskStartScheduler                      0x08005669   Thumb Code   108  tasks.o(i.vTaskStartScheduler)
    vTaskSuspend                             0x08005715   Thumb Code   186  tasks.o(i.vTaskSuspend)
    vTaskSuspendAll                          0x08005815   Thumb Code    12  tasks.o(i.vTaskSuspendAll)
    vTaskSwitchContext                       0x08005825   Thumb Code   110  tasks.o(i.vTaskSwitchContext)
    xEventGroupClearBits                     0x080058cd   Thumb Code    72  event_groups.o(i.xEventGroupClearBits)
    xEventGroupClearBitsFromISR              0x08005941   Thumb Code    24  event_groups.o(i.xEventGroupClearBitsFromISR)
    xEventGroupCreate                        0x0800595d   Thumb Code    26  event_groups.o(i.xEventGroupCreate)
    xEventGroupGetBitsFromISR                0x08005977   Thumb Code    44  event_groups.o(i.xEventGroupGetBitsFromISR)
    xPortStartScheduler                      0x080059a5   Thumb Code   140  port.o(i.xPortStartScheduler)
    xPortSysTickHandler                      0x08005a45   Thumb Code    46  port.o(i.xPortSysTickHandler)
    xQueueGenericCreate                      0x08005a79   Thumb Code    78  queue.o(i.xQueueGenericCreate)
    xQueueGenericReceive                     0x08005aed   Thumb Code   416  queue.o(i.xQueueGenericReceive)
    xQueueGenericReset                       0x08005cb5   Thumb Code   136  queue.o(i.xQueueGenericReset)
    xQueueGenericSend                        0x08005d65   Thumb Code   412  queue.o(i.xQueueGenericSend)
    xQueueGenericSendFromISR                 0x08005f29   Thumb Code   234  queue.o(i.xQueueGenericSendFromISR)
    xTaskCheckForTimeOut                     0x08006039   Thumb Code   116  tasks.o(i.xTaskCheckForTimeOut)
    xTaskCreate                              0x080060d9   Thumb Code    96  tasks.o(i.xTaskCreate)
    xTaskGetSchedulerState                   0x08006139   Thumb Code    24  tasks.o(i.xTaskGetSchedulerState)
    xTaskGetTickCount                        0x08006159   Thumb Code     6  tasks.o(i.xTaskGetTickCount)
    xTaskIncrementTick                       0x08006165   Thumb Code   272  tasks.o(i.xTaskIncrementTick)
    xTaskPriorityDisinherit                  0x080062c5   Thumb Code   168  tasks.o(i.xTaskPriorityDisinherit)
    xTaskRemoveFromEventList                 0x0800639d   Thumb Code   118  tasks.o(i.xTaskRemoveFromEventList)
    xTaskResumeAll                           0x08006451   Thumb Code   214  tasks.o(i.xTaskResumeAll)
    xTaskResumeFromISR                       0x08006571   Thumb Code   148  tasks.o(i.xTaskResumeFromISR)
    xTimerCreateTimerTask                    0x0800663d   Thumb Code    56  timers.o(i.xTimerCreateTimerTask)
    xTimerGenericCommand                     0x080066b1   Thumb Code   118  timers.o(i.xTimerGenericCommand)
    xTimerPendFunctionCallFromISR            0x08006755   Thumb Code    48  timers.o(i.xTimerPendFunctionCallFromISR)
    SSID                                     0x08006788   Data          11  main.o(.constdata)
    PASS                                     0x08006793   Data          13  main.o(.constdata)
    PRODUCTID                                0x080067a0   Data           7  main.o(.constdata)
    DEVICEID                                 0x080067a7   Data          10  main.o(.constdata)
    AUTHENTICATION                           0x080067b1   Data           7  main.o(.constdata)
    DATA_TOPIC_NAME                          0x080067b8   Data           4  main.o(.constdata)
    SERVER_IP                                0x080067bc   Data          35  main.o(.constdata)
    SERVER_PORT                              0x080067e0   Data           4  main.o(.constdata)
    WIFI_CONECT                              0x080067e4   Data           4  main.o(.constdata)
    PING_MODE                                0x080067e8   Data           4  main.o(.constdata)
    MESSAGE_DATA_TX_NUM                      0x080067ec   Data           4  main.o(.constdata)
    MESSAGE_DATA_TX_LEN                      0x080067f0   Data           4  main.o(.constdata)
    Region$$Table$$Base                      0x0800682c   Number         0  anon$$obj.o(Region$$Table)
    Region$$Table$$Limit                     0x0800684c   Number         0  anon$$obj.o(Region$$Table)
    LED1_LABER                               0x20000000   Data           4  main.o(.data)
    CMD_LED1ON                               0x20000004   Data           4  main.o(.data)
    CMD_LED1OFF                              0x20000008   Data           4  main.o(.data)
    led1_flag                                0x2000000c   Data           4  main.o(.data)
    LED2_LABER                               0x20000010   Data           4  main.o(.data)
    CMD_LED2ON                               0x20000014   Data           4  main.o(.data)
    CMD_LED2OFF                              0x20000018   Data           4  main.o(.data)
    led2_flag                                0x2000001c   Data           4  main.o(.data)
    BinarySemaphore                          0x20000020   Data           4  main.o(.data)
    Event_Handle                             0x20000024   Data           4  main.o(.data)
    Message_Queue                            0x20000028   Data           4  main.o(.data)
    U1_xQueue                                0x2000002c   Data           4  main.o(.data)
    U3_xQueue                                0x20000030   Data           4  main.o(.data)
    runcode_xQueue                           0x20000034   Data           4  main.o(.data)
    door_flag                                0x20000038   Data           1  main.o(.data)
    runingtime                               0x2000003c   Data           4  main.o(.data)
    Alltime                                  0x20000040   Data           4  main.o(.data)
    Runcode_flag                             0x20000044   Data           1  main.o(.data)
    StartTask_Handler                        0x20000048   Data           4  main.o(.data)
    Showhmi_Task_Handler                     0x2000004c   Data           4  main.o(.data)
    GetVI_Task_Handler                       0x20000050   Data           4  main.o(.data)
    Instruct_Task_Handler                    0x20000054   Data           4  main.o(.data)
    WIFI_Task_Handler                        0x20000058   Data           4  main.o(.data)
    Runcode_Task_Handler                     0x2000005c   Data           4  main.o(.data)
    Door_Task_Handler                        0x20000060   Data           4  main.o(.data)
    Stack_Task_Handler                       0x20000064   Data           4  main.o(.data)
    Usart1_RxCounter                         0x2000006c   Data           4  usart1.o(.data)
    __stdout                                 0x20000070   Data           4  usart1.o(.data)
    length                                   0x20000074   Data           1  usart2.o(.data)
    flag                                     0x20000075   Data           1  usart2.o(.data)
    flag3                                    0x20000076   Data           1  usart2.o(.data)
    U_arg                                    0x20000078   Data           4  usart2.o(.data)
    I_arg                                    0x2000007c   Data           4  usart2.o(.data)
    U_val                                    0x20000080   Data           4  usart2.o(.data)
    I_val                                    0x20000084   Data           4  usart2.o(.data)
    U                                        0x20000088   Data           4  usart2.o(.data)
    I                                        0x2000008c   Data           4  usart2.o(.data)
    U_cof                                    0x20000090   Data           4  usart2.o(.data)
    I_cof                                    0x20000094   Data           4  usart2.o(.data)
    Usart3_RxCounter                         0x20000098   Data           4  usart3.o(.data)
    Usart4_RxCounter                         0x2000009c   Data           4  uart4.o(.data)
    MQTT_RxDataInPtr                         0x200000a0   Data           4  mqtt.o(.data)
    MQTT_RxDataOutPtr                        0x200000a4   Data           4  mqtt.o(.data)
    MQTT_RxDataEndPtr                        0x200000a8   Data           4  mqtt.o(.data)
    MQTT_TxDataInPtr                         0x200000ac   Data           4  mqtt.o(.data)
    MQTT_TxDataOutPtr                        0x200000b0   Data           4  mqtt.o(.data)
    MQTT_TxDataEndPtr                        0x200000b4   Data           4  mqtt.o(.data)
    MQTT_CMDInPtr                            0x200000b8   Data           4  mqtt.o(.data)
    MQTT_CMDOutPtr                           0x200000bc   Data           4  mqtt.o(.data)
    MQTT_CMDEndPtr                           0x200000c0   Data           4  mqtt.o(.data)
    ClientID_len                             0x200000c4   Data           4  mqtt.o(.data)
    Username_len                             0x200000c8   Data           4  mqtt.o(.data)
    Passward_len                             0x200000cc   Data           4  mqtt.o(.data)
    ServerPort                               0x200000d0   Data           4  mqtt.o(.data)
    Fixed_len                                0x200000d4   Data           4  mqtt.o(.data)
    Variable_len                             0x200000d8   Data           4  mqtt.o(.data)
    Payload_len                              0x200000dc   Data           4  mqtt.o(.data)
    pingFlag                                 0x200000e0   Data           1  mqtt.o(.data)
    CT_data                                  0x200000e4   Data           8  aht20.o(.data)
    c1                                       0x200000ec   Data           4  aht20.o(.data)
    t1                                       0x200000f0   Data           4  aht20.o(.data)
    PVTem                                    0x200000f4   Data           4  thermostat.o(.data)
    SVTem                                    0x200000f8   Data           4  thermostat.o(.data)
    RunTime                                  0x200000fc   Data           4  thermostat.o(.data)
    Srun                                     0x20000100   Data           4  thermostat.o(.data)
    Pno                                      0x20000104   Data           4  thermostat.o(.data)
    Step                                     0x20000108   Data           4  thermostat.o(.data)
    Output                                   0x2000010c   Data           4  thermostat.o(.data)
    Value                                    0x20000110   Data           4  thermostat.o(.data)
    SystemCoreClock                          0x20000114   Data           4  system_stm32f10x.o(.data)
    AHBPrescTable                            0x20000118   Data          16  system_stm32f10x.o(.data)
    pxCurrentTCB                             0x2000013c   Data           4  tasks.o(.data)
    getbuf                                   0x200001b0   Data          30  usart2.o(.bss)
    Usart3_RxBuff                            0x200001d0   Data          20  usart3.o(.bss)
    USART3_TxBuff                            0x200001e8   Data          50  usart3.o(.bss)
    Usart4_RxBuff                            0x20000220   Data         500  uart4.o(.bss)
    USART4_TxBuff                            0x20000418   Data         500  uart4.o(.bss)
    MQTT_RxDataBuf                           0x2000060c   Data        1500  mqtt.o(.bss)
    MQTT_TxDataBuf                           0x20000be8   Data        1500  mqtt.o(.bss)
    MQTT_CMDBuf                              0x200011c4   Data        1500  mqtt.o(.bss)
    ClientID                                 0x200017a0   Data         128  mqtt.o(.bss)
    Username                                 0x20001820   Data         128  mqtt.o(.bss)
    Passward                                 0x200018a0   Data         128  mqtt.o(.bss)
    ServerIP                                 0x20001920   Data         128  mqtt.o(.bss)
    temp_buff                                0x200019a0   Data         300  mqtt.o(.bss)
    xQueueRegistry                           0x20001acc   Data          64  queue.o(.bss)
    __initial_sp                             0x20007218   Data           0  startup_stm32f10x_hd.o(STACK)



==============================================================================

Memory Map of the image

  Image Entry point : 0x080001dd

  Load Region LR_1 (Base: 0x08000000, Size: 0x000069fc, Max: 0xffffffff, ABSOLUTE, COMPRESSED[0x0000688c])

    Execution Region ER_RO (Exec base: 0x08000000, Load base: 0x08000000, Size: 0x0000684c, Max: 0xffffffff, ABSOLUTE)

    Exec Addr    Load Addr    Size         Type   Attr      Idx    E Section Name        Object

    0x08000000   0x08000000   0x00000130   Data   RO         1107    RESET               startup_stm32f10x_hd.o
    0x08000130   0x08000130   0x00000000   Code   RO         3224  * .ARM.Collect$$$$00000000  mc_w.l(entry.o)
    0x08000130   0x08000130   0x00000004   Code   RO         3518    .ARM.Collect$$$$00000001  mc_w.l(entry2.o)
    0x08000134   0x08000134   0x00000004   Code   RO         3521    .ARM.Collect$$$$00000004  mc_w.l(entry5.o)
    0x08000138   0x08000138   0x00000000   Code   RO         3523    .ARM.Collect$$$$00000008  mc_w.l(entry7b.o)
    0x08000138   0x08000138   0x00000000   Code   RO         3525    .ARM.Collect$$$$0000000A  mc_w.l(entry8b.o)
    0x08000138   0x08000138   0x00000008   Code   RO         3526    .ARM.Collect$$$$0000000B  mc_w.l(entry9a.o)
    0x08000140   0x08000140   0x00000000   Code   RO         3528    .ARM.Collect$$$$0000000D  mc_w.l(entry10a.o)
    0x08000140   0x08000140   0x00000000   Code   RO         3530    .ARM.Collect$$$$0000000F  mc_w.l(entry11a.o)
    0x08000140   0x08000140   0x00000004   Code   RO         3519    .ARM.Collect$$$$00002712  mc_w.l(entry2.o)
    0x08000144   0x08000144   0x00000096   Code   RO         3147    .emb_text           port.o
    0x080001da   0x080001da   0x00000002   PAD
    0x080001dc   0x080001dc   0x00000024   Code   RO         1108  * .text               startup_stm32f10x_hd.o
    0x08000200   0x08000200   0x00000024   Code   RO         3227    .text               mc_w.l(memcpya.o)
    0x08000224   0x08000224   0x00000024   Code   RO         3229    .text               mc_w.l(memseta.o)
    0x08000248   0x08000248   0x000000b0   Code   RO         3500    .text               mf_w.l(fadd.o)
    0x080002f8   0x080002f8   0x00000064   Code   RO         3502    .text               mf_w.l(fmul.o)
    0x0800035c   0x0800035c   0x0000007c   Code   RO         3504    .text               mf_w.l(fdiv.o)
    0x080003d8   0x080003d8   0x00000012   Code   RO         3506    .text               mf_w.l(fflti.o)
    0x080003ea   0x080003ea   0x0000000a   Code   RO         3508    .text               mf_w.l(ffltui.o)
    0x080003f4   0x080003f4   0x00000032   Code   RO         3510    .text               mf_w.l(ffixi.o)
    0x08000426   0x08000426   0x00000028   Code   RO         3512    .text               mf_w.l(ffixui.o)
    0x0800044e   0x0800044e   0x00000002   PAD
    0x08000450   0x08000450   0x00000014   Code   RO         3514    .text               mf_w.l(cfcmple.o)
    0x08000464   0x08000464   0x00000014   Code   RO         3516    .text               mf_w.l(cfrcmple.o)
    0x08000478   0x08000478   0x00000062   Code   RO         3534    .text               mc_w.l(uldiv.o)
    0x080004da   0x080004da   0x00000000   Code   RO         3536    .text               mc_w.l(iusefp.o)
    0x080004da   0x080004da   0x0000006e   Code   RO         3537    .text               mf_w.l(fepilogue.o)
    0x08000548   0x08000548   0x00000024   Code   RO         3549    .text               mc_w.l(init.o)
    0x0800056c   0x0800056c   0x0000001e   Code   RO         3551    .text               mc_w.l(llshl.o)
    0x0800058a   0x0800058a   0x00000020   Code   RO         3553    .text               mc_w.l(llushr.o)
    0x080005aa   0x080005aa   0x00000056   Code   RO         3567    .text               mc_w.l(__dczerorl2.o)
    0x08000600   0x08000600   0x0000000c   Code   RO          809    i.AHT20_Clock_Init  aht20.o
    0x0800060c   0x0800060c   0x00000054   Code   RO          810    i.AHT20_RD_Byte     aht20.o
    0x08000660   0x08000660   0x000000d2   Code   RO          811    i.AHT20_Read_CTdata  aht20.o
    0x08000732   0x08000732   0x00000022   Code   RO          813    i.AHT20_Read_Status  aht20.o
    0x08000754   0x08000754   0x00000034   Code   RO          814    i.AHT20_SendAC      aht20.o
    0x08000788   0x08000788   0x00000016   Code   RO          815    i.AHT20_Start_Init  aht20.o
    0x0800079e   0x0800079e   0x00000052   Code   RO          816    i.AHT20_WR_Byte     aht20.o
    0x080007f0   0x080007f0   0x00000002   Code   RO            1    i.BusFault_Handler  stm32f10x_it.o
    0x080007f2   0x080007f2   0x00000002   Code   RO            2    i.DebugMon_Handler  stm32f10x_it.o
    0x080007f4   0x080007f4   0x00000018   Code   RO          818    i.Delay_1ms         aht20.o
    0x0800080c   0x0800080c   0x0000001c   Code   RO          819    i.Delay_4us         aht20.o
    0x08000828   0x08000828   0x00000022   Code   RO          820    i.Delay_5us         aht20.o
    0x0800084a   0x0800084a   0x00000018   Code   RO          821    i.Delay_N10us       aht20.o
    0x08000862   0x08000862   0x00000116   Code   RO         2082    i.GPIO_Init         stm32f10x_gpio.o
    0x08000978   0x08000978   0x00000012   Code   RO         2086    i.GPIO_ReadInputDataBit  stm32f10x_gpio.o
    0x0800098a   0x0800098a   0x00000004   Code   RO         2089    i.GPIO_ResetBits    stm32f10x_gpio.o
    0x0800098e   0x0800098e   0x00000004   Code   RO         2090    i.GPIO_SetBits      stm32f10x_gpio.o
    0x08000992   0x08000992   0x00000002   PAD
    0x08000994   0x08000994   0x00000028   Code   RO            3    i.HardFault_Handler  stm32f10x_it.o
    0x080009bc   0x080009bc   0x0000002c   Code   RO          822    i.I2C_Start         aht20.o
    0x080009e8   0x080009e8   0x00000050   Code   RO          823    i.Init_I2C_Sensor_Port  aht20.o
    0x08000a38   0x08000a38   0x000000a2   Code   RO          824    i.JH_Reset_REG      aht20.o
    0x08000ada   0x08000ada   0x00000002   PAD
    0x08000adc   0x08000adc   0x0000001c   Code   RO          642    i.MQTT_PingREQ      mqtt.o
    0x08000af8   0x08000af8   0x00000002   Code   RO            4    i.MemManage_Handler  stm32f10x_it.o
    0x08000afa   0x08000afa   0x00000002   Code   RO            5    i.NMI_Handler       stm32f10x_it.o
    0x08000afc   0x08000afc   0x00000070   Code   RO         1112    i.NVIC_Init         misc.o
    0x08000b6c   0x08000b6c   0x00000014   Code   RO         1113    i.NVIC_PriorityGroupConfig  misc.o
    0x08000b80   0x08000b80   0x00000020   Code   RO         1150    i.RCC_APB1PeriphClockCmd  stm32f10x_rcc.o
    0x08000ba0   0x08000ba0   0x00000020   Code   RO         1151    i.RCC_APB1PeriphResetCmd  stm32f10x_rcc.o
    0x08000bc0   0x08000bc0   0x00000020   Code   RO         1152    i.RCC_APB2PeriphClockCmd  stm32f10x_rcc.o
    0x08000be0   0x08000be0   0x00000020   Code   RO         1153    i.RCC_APB2PeriphResetCmd  stm32f10x_rcc.o
    0x08000c00   0x08000c00   0x000000d4   Code   RO         1160    i.RCC_GetClocksFreq  stm32f10x_rcc.o
    0x08000cd4   0x08000cd4   0x0000004c   Code   RO          825    i.Receive_ACK       aht20.o
    0x08000d20   0x08000d20   0x00000010   Code   RO          826    i.SCL_Pin_Output_High  aht20.o
    0x08000d30   0x08000d30   0x00000010   Code   RO          827    i.SCL_Pin_Output_Low  aht20.o
    0x08000d40   0x08000d40   0x00000024   Code   RO          828    i.SDA_Pin_IN_FLOATING  aht20.o
    0x08000d64   0x08000d64   0x0000002c   Code   RO          829    i.SDA_Pin_Output_High  aht20.o
    0x08000d90   0x08000d90   0x0000002c   Code   RO          830    i.SDA_Pin_Output_Low  aht20.o
    0x08000dbc   0x08000dbc   0x00000036   Code   RO          831    i.Send_ACK          aht20.o
    0x08000df2   0x08000df2   0x00000036   Code   RO          832    i.Send_NOT_ACK      aht20.o
    0x08000e28   0x08000e28   0x00000264   Code   RO          992    i.Send_Thermostat   thermostat.o
    0x0800108c   0x0800108c   0x00000016   Code   RO          833    i.SensorDelay_us    aht20.o
    0x080010a2   0x080010a2   0x00000020   Code   RO          993    i.Serial_SendArray  thermostat.o
    0x080010c2   0x080010c2   0x00000002   PAD
    0x080010c4   0x080010c4   0x00000038   Code   RO          994    i.Serial_SendByte   thermostat.o
    0x080010fc   0x080010fc   0x00000008   Code   RO         1071    i.SetSysClock       system_stm32f10x.o
    0x08001104   0x08001104   0x000000e0   Code   RO         1072    i.SetSysClockTo72   system_stm32f10x.o
    0x080011e4   0x080011e4   0x00000022   Code   RO          834    i.Stop_I2C          aht20.o
    0x08001206   0x08001206   0x00000002   PAD
    0x08001208   0x08001208   0x000001dc   Code   RO          980    i.Switch_Init       switch.o
    0x080013e4   0x080013e4   0x00000028   Code   RO         1116    i.SysTick_CLKSourceConfig  misc.o
    0x0800140c   0x0800140c   0x00000010   Code   RO            6    i.SysTick_Handler   stm32f10x_it.o
    0x0800141c   0x0800141c   0x00000060   Code   RO         1074    i.SystemInit        system_stm32f10x.o
    0x0800147c   0x0800147c   0x00000070   Code   RO          546    i.TIM3_ENABLE_2S    timer3.o
    0x080014ec   0x080014ec   0x00000080   Code   RO            7    i.TIM3_IRQHandler   stm32f10x_it.o
    0x0800156c   0x0800156c   0x00000098   Code   RO            8    i.TIM4_IRQHandler   stm32f10x_it.o
    0x08001604   0x08001604   0x00000006   Code   RO         1359    i.TIM_ClearITPendingBit  stm32f10x_tim.o
    0x0800160a   0x0800160a   0x00000018   Code   RO         1364    i.TIM_Cmd           stm32f10x_tim.o
    0x08001622   0x08001622   0x00000002   PAD
    0x08001624   0x08001624   0x000001e8   Code   RO         1369    i.TIM_DeInit        stm32f10x_tim.o
    0x0800180c   0x0800180c   0x00000022   Code   RO         1385    i.TIM_GetITStatus   stm32f10x_tim.o
    0x0800182e   0x0800182e   0x00000012   Code   RO         1389    i.TIM_ITConfig      stm32f10x_tim.o
    0x08001840   0x08001840   0x00000004   Code   RO         1429    i.TIM_SetCounter    stm32f10x_tim.o
    0x08001844   0x08001844   0x000000a4   Code   RO         1435    i.TIM_TimeBaseInit  stm32f10x_tim.o
    0x080018e8   0x080018e8   0x00000044   Code   RO          995    i.Thermostat_init   thermostat.o
    0x0800192c   0x0800192c   0x00000064   Code   RO          645    i.TxDataBuf_Deal    mqtt.o
    0x08001990   0x08001990   0x00000084   Code   RO          504    i.UART4_IRQHandler  uart4.o
    0x08001a14   0x08001a14   0x00000080   Code   RO          383    i.USART1_IRQHandler  usart1.o
    0x08001a94   0x08001a94   0x0000026c   Code   RO          428    i.USART2_IRQHandler  usart2.o
    0x08001d00   0x08001d00   0x0000005c   Code   RO          456    i.USART3_IRQHandler  usart3.o
    0x08001d5c   0x08001d5c   0x00000012   Code   RO         1896    i.USART_ClearFlag   stm32f10x_usart.o
    0x08001d6e   0x08001d6e   0x00000018   Code   RO         1900    i.USART_Cmd         stm32f10x_usart.o
    0x08001d86   0x08001d86   0x00000002   PAD
    0x08001d88   0x08001d88   0x0000009c   Code   RO         1902    i.USART_DeInit      stm32f10x_usart.o
    0x08001e24   0x08001e24   0x0000001a   Code   RO         1903    i.USART_GetFlagStatus  stm32f10x_usart.o
    0x08001e3e   0x08001e3e   0x00000054   Code   RO         1904    i.USART_GetITStatus  stm32f10x_usart.o
    0x08001e92   0x08001e92   0x0000004a   Code   RO         1906    i.USART_ITConfig    stm32f10x_usart.o
    0x08001edc   0x08001edc   0x000000d8   Code   RO         1907    i.USART_Init        stm32f10x_usart.o
    0x08001fb4   0x08001fb4   0x0000000a   Code   RO         1914    i.USART_ReceiveData  stm32f10x_usart.o
    0x08001fbe   0x08001fbe   0x00000008   Code   RO         1917    i.USART_SendData    stm32f10x_usart.o
    0x08001fc6   0x08001fc6   0x00000002   Code   RO            9    i.UsageFault_Handler  stm32f10x_it.o
    0x08001fc8   0x08001fc8   0x00000020   Code   RO         3446    i.__0printf$8       mc_w.l(printf8.o)
    0x08001fe8   0x08001fe8   0x0000000e   Code   RO         3561    i.__scatterload_copy  mc_w.l(handlers.o)
    0x08001ff6   0x08001ff6   0x00000002   Code   RO         3562    i.__scatterload_null  mc_w.l(handlers.o)
    0x08001ff8   0x08001ff8   0x0000000e   Code   RO         3563    i.__scatterload_zeroinit  mc_w.l(handlers.o)
    0x08002006   0x08002006   0x00000002   PAD
    0x08002008   0x08002008   0x00000410   Code   RO         3453    i._printf_core      mc_w.l(printf8.o)
    0x08002418   0x08002418   0x00000024   Code   RO         3454    i._printf_post_padding  mc_w.l(printf8.o)
    0x0800243c   0x0800243c   0x0000002e   Code   RO         3455    i._printf_pre_padding  mc_w.l(printf8.o)
    0x0800246a   0x0800246a   0x00000002   PAD
    0x0800246c   0x0800246c   0x00000058   Code   RO          351    i.delay_init        delay.o
    0x080024c4   0x080024c4   0x00000040   Code   RO          352    i.delay_ms          delay.o
    0x08002504   0x08002504   0x00000048   Code   RO          353    i.delay_us          delay.o
    0x0800254c   0x0800254c   0x00000128   Code   RO         1029    i.downdoor          door.o
    0x08002674   0x08002674   0x0000001c   Code   RO          385    i.fputc             usart1.o
    0x08002690   0x08002690   0x00000098   Code   RO          835    i.getCT             aht20.o
    0x08002728   0x08002728   0x00000064   Code   RO          429    i.getVI             usart2.o
    0x0800278c   0x0800278c   0x000003d0   Code   RO          224    i.heating           main.o
    0x08002b5c   0x08002b5c   0x000000b0   Code   RO          225    i.main              main.o
    0x08002c0c   0x08002c0c   0x000000c8   Code   RO         1030    i.my_door_task      door.o
    0x08002cd4   0x08002cd4   0x00000024   Code   RO          226    i.my_getVI_task     main.o
    0x08002cf8   0x08002cf8   0x000003dc   Code   RO          227    i.my_instruct_task  main.o
    0x080030d4   0x080030d4   0x00000a38   Code   RO          228    i.my_runcode_task   main.o
    0x08003b0c   0x08003b0c   0x00000038   Code   RO          229    i.my_showhmi_task   main.o
    0x08003b44   0x08003b44   0x0000011c   Code   RO          230    i.my_start_task     main.o
    0x08003c60   0x08003c60   0x00000098   Code   RO         2608    i.prvAddCurrentTaskToDelayedList  tasks.o
    0x08003cf8   0x08003cf8   0x000000b8   Code   RO         2609    i.prvAddNewTaskToReadyList  tasks.o
    0x08003db0   0x08003db0   0x00000064   Code   RO         2968    i.prvCheckForValidListAndQueue  timers.o
    0x08003e14   0x08003e14   0x00000064   Code   RO         2610    i.prvCheckTasksWaitingTermination  tasks.o
    0x08003e78   0x08003e78   0x0000002a   Code   RO         2378    i.prvCopyDataFromQueue  queue.o
    0x08003ea2   0x08003ea2   0x0000007c   Code   RO         2379    i.prvCopyDataToQueue  queue.o
    0x08003f1e   0x08003f1e   0x00000012   Code   RO         2611    i.prvDeleteTCB      tasks.o
    0x08003f30   0x08003f30   0x00000028   Code   RO         2969    i.prvGetNextExpireTime  timers.o
    0x08003f58   0x08003f58   0x0000007c   Code   RO         3098    i.prvHeapInit       heap_4.o
    0x08003fd4   0x08003fd4   0x00000028   Code   RO         2612    i.prvIdleTask       tasks.o
    0x08003ffc   0x08003ffc   0x0000002e   Code   RO         2381    i.prvInitialiseNewQueue  queue.o
    0x0800402a   0x0800402a   0x00000002   PAD
    0x0800402c   0x0800402c   0x000000d0   Code   RO         2613    i.prvInitialiseNewTask  tasks.o
    0x080040fc   0x080040fc   0x00000068   Code   RO         2614    i.prvInitialiseTaskLists  tasks.o
    0x08004164   0x08004164   0x00000068   Code   RO         3099    i.prvInsertBlockIntoFreeList  heap_4.o
    0x080041cc   0x080041cc   0x00000058   Code   RO         2971    i.prvInsertTimerInActiveList  timers.o
    0x08004224   0x08004224   0x0000001a   Code   RO         2382    i.prvIsQueueEmpty   queue.o
    0x0800423e   0x0800423e   0x0000001e   Code   RO         2383    i.prvIsQueueFull    queue.o
    0x0800425c   0x0800425c   0x000000a0   Code   RO         2384    i.prvNotifyQueueSetContainer  queue.o
    0x080042fc   0x080042fc   0x00000080   Code   RO         2972    i.prvProcessExpiredTimer  timers.o
    0x0800437c   0x0800437c   0x0000012c   Code   RO         2973    i.prvProcessReceivedCommands  timers.o
    0x080044a8   0x080044a8   0x00000074   Code   RO         2974    i.prvProcessTimerOrBlockTask  timers.o
    0x0800451c   0x0800451c   0x00000034   Code   RO         2616    i.prvResetNextTaskUnblockTime  tasks.o
    0x08004550   0x08004550   0x0000002c   Code   RO         2975    i.prvSampleTimeNow  timers.o
    0x0800457c   0x0800457c   0x000000bc   Code   RO         2976    i.prvSwitchTimerLists  timers.o
    0x08004638   0x08004638   0x00000070   Code   RO         3148    i.prvTaskExitError  port.o
    0x080046a8   0x080046a8   0x00000074   Code   RO         2618    i.prvTaskIsTaskSuspended  tasks.o
    0x0800471c   0x0800471c   0x0000001a   Code   RO         2977    i.prvTimerTask      timers.o
    0x08004736   0x08004736   0x00000092   Code   RO         2385    i.prvUnlockQueue    queue.o
    0x080047c8   0x080047c8   0x00000154   Code   RO         3100    i.pvPortMalloc      heap_4.o
    0x0800491c   0x0800491c   0x00000020   Code   RO         2620    i.pvTaskIncrementMutexHeldCount  tasks.o
    0x0800493c   0x0800493c   0x00000024   Code   RO         3149    i.pxPortInitialiseStack  port.o
    0x08004960   0x08004960   0x00000074   Code   RO          231    i.rehoting          main.o
    0x080049d4   0x080049d4   0x00000018   Code   RO         1031    i.stopdoor          door.o
    0x080049ec   0x080049ec   0x00000068   Code   RO          564    i.tim4_init         timer4.o
    0x08004a54   0x08004a54   0x000000fc   Code   RO         1032    i.updoor            door.o
    0x08004b50   0x08004b50   0x000000b0   Code   RO          386    i.usart1_init       usart1.o
    0x08004c00   0x08004c00   0x000000b4   Code   RO          430    i.usart2_init       usart2.o
    0x08004cb4   0x08004cb4   0x000000b0   Code   RO          459    i.usart3_init       usart3.o
    0x08004d64   0x08004d64   0x000000b8   Code   RO          507    i.usart4_init       uart4.o
    0x08004e1c   0x08004e1c   0x00000028   Code   RO         2341    i.uxListRemove      list.o
    0x08004e44   0x08004e44   0x00000010   Code   RO         2229    i.vEventGroupClearBitsCallback  event_groups.o
    0x08004e54   0x08004e54   0x0000001a   Code   RO         2342    i.vListInitialise   list.o
    0x08004e6e   0x08004e6e   0x00000006   Code   RO         2343    i.vListInitialiseItem  list.o
    0x08004e74   0x08004e74   0x00000034   Code   RO         2344    i.vListInsert       list.o
    0x08004ea8   0x08004ea8   0x00000018   Code   RO         2345    i.vListInsertEnd    list.o
    0x08004ec0   0x08004ec0   0x00000088   Code   RO         3151    i.vPortEnterCritical  port.o
    0x08004f48   0x08004f48   0x00000070   Code   RO         3152    i.vPortExitCritical  port.o
    0x08004fb8   0x08004fb8   0x000000b8   Code   RO         3101    i.vPortFree         heap_4.o
    0x08005070   0x08005070   0x00000020   Code   RO         3153    i.vPortSetupTimerInterrupt  port.o
    0x08005090   0x08005090   0x000000a0   Code   RO         3154    i.vPortValidateInterruptPriority  port.o
    0x08005130   0x08005130   0x0000002c   Code   RO         2391    i.vQueueAddToRegistry  queue.o
    0x0800515c   0x0800515c   0x0000004a   Code   RO         2395    i.vQueueWaitForMessageRestricted  queue.o
    0x080051a6   0x080051a6   0x00000002   PAD
    0x080051a8   0x080051a8   0x00000074   Code   RO         2628    i.vTaskDelay        tasks.o
    0x0800521c   0x0800521c   0x000000dc   Code   RO         2629    i.vTaskDelayUntil   tasks.o
    0x080052f8   0x080052f8   0x0000010c   Code   RO         2630    i.vTaskDelete       tasks.o
    0x08005404   0x08005404   0x0000000c   Code   RO         2634    i.vTaskMissedYield  tasks.o
    0x08005410   0x08005410   0x00000054   Code   RO         2636    i.vTaskPlaceOnEventList  tasks.o
    0x08005464   0x08005464   0x0000005c   Code   RO         2637    i.vTaskPlaceOnEventListRestricted  tasks.o
    0x080054c0   0x080054c0   0x000000b0   Code   RO         2639    i.vTaskPriorityInherit  tasks.o
    0x08005570   0x08005570   0x000000ac   Code   RO         2641    i.vTaskResume       tasks.o
    0x0800561c   0x0800561c   0x0000004c   Code   RO         2643    i.vTaskSetTimeOutState  tasks.o
    0x08005668   0x08005668   0x000000ac   Code   RO         2644    i.vTaskStartScheduler  tasks.o
    0x08005714   0x08005714   0x00000100   Code   RO         2645    i.vTaskSuspend      tasks.o
    0x08005814   0x08005814   0x00000010   Code   RO         2646    i.vTaskSuspendAll   tasks.o
    0x08005824   0x08005824   0x000000a8   Code   RO         2647    i.vTaskSwitchContext  tasks.o
    0x080058cc   0x080058cc   0x00000074   Code   RO         2232    i.xEventGroupClearBits  event_groups.o
    0x08005940   0x08005940   0x0000001c   Code   RO         2233    i.xEventGroupClearBitsFromISR  event_groups.o
    0x0800595c   0x0800595c   0x0000001a   Code   RO         2234    i.xEventGroupCreate  event_groups.o
    0x08005976   0x08005976   0x0000002c   Code   RO         2235    i.xEventGroupGetBitsFromISR  event_groups.o
    0x080059a2   0x080059a2   0x00000002   PAD
    0x080059a4   0x080059a4   0x000000a0   Code   RO         3155    i.xPortStartScheduler  port.o
    0x08005a44   0x08005a44   0x00000034   Code   RO         3156    i.xPortSysTickHandler  port.o
    0x08005a78   0x08005a78   0x00000074   Code   RO         2400    i.xQueueGenericCreate  queue.o
    0x08005aec   0x08005aec   0x000001c8   Code   RO         2401    i.xQueueGenericReceive  queue.o
    0x08005cb4   0x08005cb4   0x000000b0   Code   RO         2402    i.xQueueGenericReset  queue.o
    0x08005d64   0x08005d64   0x000001c4   Code   RO         2403    i.xQueueGenericSend  queue.o
    0x08005f28   0x08005f28   0x00000110   Code   RO         2404    i.xQueueGenericSendFromISR  queue.o
    0x08006038   0x08006038   0x000000a0   Code   RO         2648    i.xTaskCheckForTimeOut  tasks.o
    0x080060d8   0x080060d8   0x00000060   Code   RO         2649    i.xTaskCreate       tasks.o
    0x08006138   0x08006138   0x00000020   Code   RO         2653    i.xTaskGetSchedulerState  tasks.o
    0x08006158   0x08006158   0x0000000c   Code   RO         2654    i.xTaskGetTickCount  tasks.o
    0x08006164   0x08006164   0x00000160   Code   RO         2656    i.xTaskIncrementTick  tasks.o
    0x080062c4   0x080062c4   0x000000d8   Code   RO         2659    i.xTaskPriorityDisinherit  tasks.o
    0x0800639c   0x0800639c   0x000000b4   Code   RO         2660    i.xTaskRemoveFromEventList  tasks.o
    0x08006450   0x08006450   0x00000120   Code   RO         2662    i.xTaskResumeAll    tasks.o
    0x08006570   0x08006570   0x000000cc   Code   RO         2663    i.xTaskResumeFromISR  tasks.o
    0x0800663c   0x0800663c   0x00000074   Code   RO         2981    i.xTimerCreateTimerTask  timers.o
    0x080066b0   0x080066b0   0x000000a4   Code   RO         2982    i.xTimerGenericCommand  timers.o
    0x08006754   0x08006754   0x00000034   Code   RO         2988    i.xTimerPendFunctionCallFromISR  timers.o
    0x08006788   0x08006788   0x0000006c   Data   RO          233    .constdata          main.o
    0x080067f4   0x080067f4   0x00000036   Data   RO          234    .conststring        main.o
    0x0800682a   0x0800682a   0x00000002   PAD
    0x0800682c   0x0800682c   0x00000020   Data   RO         3559    Region$$Table       anon$$obj.o


    Execution Region ER_RW (Exec base: 0x20000000, Load base: 0x0800684c, Size: 0x000001b0, Max: 0xffffffff, ABSOLUTE, COMPRESSED[0x00000040])

    Exec Addr    Load Addr    Size         Type   Attr      Idx    E Section Name        Object

    0x20000000   COMPRESSED   0x00000068   Data   RW          235    .data               main.o
    0x20000068   COMPRESSED   0x00000004   Data   RW          355    .data               delay.o
    0x2000006c   COMPRESSED   0x00000008   Data   RW          388    .data               usart1.o
    0x20000074   COMPRESSED   0x00000024   Data   RW          432    .data               usart2.o
    0x20000098   COMPRESSED   0x00000004   Data   RW          461    .data               usart3.o
    0x2000009c   COMPRESSED   0x00000004   Data   RW          509    .data               uart4.o
    0x200000a0   COMPRESSED   0x00000041   Data   RW          647    .data               mqtt.o
    0x200000e1   COMPRESSED   0x00000003   PAD
    0x200000e4   COMPRESSED   0x00000010   Data   RW          836    .data               aht20.o
    0x200000f4   COMPRESSED   0x00000020   Data   RW          996    .data               thermostat.o
    0x20000114   COMPRESSED   0x00000014   Data   RW         1075    .data               system_stm32f10x.o
    0x20000128   COMPRESSED   0x00000014   Data   RW         1180    .data               stm32f10x_rcc.o
    0x2000013c   COMPRESSED   0x0000003c   Data   RW         2665    .data               tasks.o
    0x20000178   COMPRESSED   0x00000014   Data   RW         2990    .data               timers.o
    0x2000018c   COMPRESSED   0x00000018   Data   RW         3106    .data               heap_4.o
    0x200001a4   COMPRESSED   0x0000000c   Data   RW         3157    .data               port.o


    Execution Region ER_ZI (Exec base: 0x200001b0, Load base: 0x0800688c, Size: 0x00007068, Max: 0xffffffff, ABSOLUTE)

    Exec Addr    Load Addr    Size         Type   Attr      Idx    E Section Name        Object

    0x200001b0        -       0x0000001e   Zero   RW          431    .bss                usart2.o
    0x200001ce   0x0800688c   0x00000002   PAD
    0x200001d0        -       0x0000004a   Zero   RW          460    .bss                usart3.o
    0x2000021a   0x0800688c   0x00000006   PAD
    0x20000220        -       0x000003ec   Zero   RW          508    .bss                uart4.o
    0x2000060c        -       0x000014c0   Zero   RW          646    .bss                mqtt.o
    0x20001acc        -       0x00000040   Zero   RW         2415    .bss                queue.o
    0x20001b0c        -       0x000002e4   Zero   RW         2664    .bss                tasks.o
    0x20001df0        -       0x00000028   Zero   RW         2989    .bss                timers.o
    0x20001e18        -       0x00005000   Zero   RW         3105    .bss                heap_4.o
    0x20006e18        -       0x00000400   Zero   RW         1105    STACK               startup_stm32f10x_hd.o


==============================================================================

Image component sizes


      Code (inc. data)   RO Data    RW Data    ZI Data      Debug   Object Name

      1440        102          0         16          0      14161   aht20.o
         0          0          0          0          0         32   core_cm3.o
       224         26          0          4          0       1923   delay.o
       772        318          0          0          0       2426   door.o
       230         48          0          0          0      14180   event_groups.o
       752        176          0         24      20480       3939   heap_4.o
       148          0          0          0          0       3142   list.o
      5248       1698        162        104          0      14021   main.o
       172         22          0          0          0       2033   misc.o
       128         20          0         65       5312       2966   mqtt.o
       950        320          0         12          0      10337   port.o
      2164        238          0          0         64      13133   queue.o
        36          8        304          0       1024        812   startup_stm32f10x_hd.o
       304          0          0          0          0       3624   stm32f10x_gpio.o
       346         86          0          0          0     270699   stm32f10x_it.o
       340         44          0         20          0       5564   stm32f10x_rcc.o
       738        106          0          0          0       4836   stm32f10x_tim.o
       616         28          0          0          0       7278   stm32f10x_usart.o
       476         14          0          0          0        790   switch.o
       328         28          0         20          0       2245   system_stm32f10x.o
      4374       1152          0         60        740      32835   tasks.o
       768        230          0         32          0       3990   thermostat.o
       112          4          0          0          0        589   timer3.o
       104          6          0          0          0        692   timer4.o
      1362        316          0         20         40       9483   timers.o
       316         30          0          4       1004       2347   uart4.o
       332         40          0          8          0       3962   usart1.o
       900        124          0         36         30       2913   usart2.o
       268         24          0          4         74       2165   usart3.o

    ----------------------------------------------------------------------
     23968       5208        500        432      28776     437117   Object Totals
         0          0         32          0          0          0   (incl. Generated)
        20          0          2          3          8          0   (incl. Padding)

    ----------------------------------------------------------------------

      Code (inc. data)   RO Data    RW Data    ZI Data      Debug   Library Member Name

        86          0          0          0          0          0   __dczerorl2.o
         0          0          0          0          0          0   entry.o
         0          0          0          0          0          0   entry10a.o
         0          0          0          0          0          0   entry11a.o
         8          4          0          0          0          0   entry2.o
         4          0          0          0          0          0   entry5.o
         0          0          0          0          0          0   entry7b.o
         0          0          0          0          0          0   entry8b.o
         8          4          0          0          0          0   entry9a.o
        30          0          0          0          0          0   handlers.o
        36          8          0          0          0         68   init.o
         0          0          0          0          0          0   iusefp.o
        30          0          0          0          0         68   llshl.o
        32          0          0          0          0         68   llushr.o
        36          0          0          0          0         68   memcpya.o
        36          0          0          0          0        108   memseta.o
      1154         54          0          0          0        352   printf8.o
        98          0          0          0          0         92   uldiv.o
        20          0          0          0          0         68   cfcmple.o
        20          0          0          0          0         68   cfrcmple.o
       176          0          0          0          0        140   fadd.o
       124          0          0          0          0         88   fdiv.o
       110          0          0          0          0        168   fepilogue.o
        50          0          0          0          0         68   ffixi.o
        40          0          0          0          0         68   ffixui.o
        18          0          0          0          0         68   fflti.o
        10          0          0          0          0         68   ffltui.o
       100          0          0          0          0         76   fmul.o

    ----------------------------------------------------------------------
      2232         70          0          0          0       1704   Library Totals
         6          0          0          0          0          0   (incl. Padding)

    ----------------------------------------------------------------------

      Code (inc. data)   RO Data    RW Data    ZI Data      Debug   Library Name

      1558         70          0          0          0        824   mc_w.l
       668          0          0          0          0        880   mf_w.l

    ----------------------------------------------------------------------
      2232         70          0          0          0       1704   Library Totals

    ----------------------------------------------------------------------

==============================================================================


      Code (inc. data)   RO Data    RW Data    ZI Data      Debug   

     26200       5278        500        432      28776     429017   Grand Totals
     26200       5278        500         64      28776     429017   ELF Image Totals (compressed)
     26200       5278        500         64          0          0   ROM Totals

==============================================================================

    Total RO  Size (Code + RO Data)                26700 (  26.07kB)
    Total RW  Size (RW Data + ZI Data)             29208 (  28.52kB)
    Total ROM Size (Code + RO Data + RW Data)      26764 (  26.14kB)

==============================================================================

